INFO: Instrumenting gguf
INFO: Instrumenting gguf.gguf_reader
INFO: Instrumenting numpy
INFO: Instrumenting numpy.version
INFO: Instrumenting numpy._expired_attrs_2_0
INFO: Instrumenting numpy._globals
INFO: Instrumenting numpy._utils
INFO: Instrumenting numpy._utils._conversions
INFO: Instrumenting numpy._distributor_init
INFO: Instrumenting numpy.__config__
INFO: Instrumenting numpy._core
INFO: Instrumenting numpy._core.multiarray
INFO: Instrumenting numpy.exceptions
INFO: Instrumenting numpy._core._exceptions
INFO: Instrumenting numpy._core.printoptions
INFO: Instrumenting contextvars
INFO: Instrumenting numpy.dtypes
INFO: Instrumenting numpy._core.overrides
INFO: Instrumenting numpy._utils._inspect
INFO: Instrumenting numpy._core.umath
INFO: Instrumenting numpy._core.numerictypes
INFO: Instrumenting numbers
INFO: Instrumenting numpy._core._string_helpers
INFO: Instrumenting numpy._core._type_aliases
INFO: Instrumenting numpy._core.einsumfunc
INFO: Instrumenting numpy._core.numeric
INFO: Instrumenting numpy._core.shape_base
INFO: Instrumenting numpy._core.fromnumeric
INFO: Instrumenting numpy._core._methods
INFO: Instrumenting numpy._core._ufunc_config
INFO: Instrumenting numpy._core._asarray
INFO: Instrumenting numpy._core.arrayprint
INFO: Instrumenting numpy._core.function_base
INFO: Instrumenting numpy._core.getlimits
INFO: Instrumenting numpy._core.memmap
INFO: Instrumenting numpy._core.records
INFO: Instrumenting numpy._core._add_newdocs
INFO: Instrumenting numpy._core._add_newdocs_scalars
INFO: Instrumenting numpy._core._dtype
INFO: Instrumenting numpy._core._dtype_ctypes
INFO: Instrumenting numpy._core._internal
INFO: Instrumenting ctypes
INFO: Instrumenting ctypes._endian
INFO: Instrumenting numpy._pytesttester
INFO: Instrumenting numpy.lib
INFO: Instrumenting numpy.lib._arraypad_impl
INFO: Instrumenting numpy.lib._index_tricks_impl
INFO: Instrumenting numpy.matrixlib
INFO: Instrumenting numpy.matrixlib.defmatrix
INFO: Instrumenting numpy.linalg
INFO: Instrumenting numpy.linalg._linalg
INFO: Instrumenting numpy._typing
INFO: Instrumenting numpy._typing._array_like
INFO: Instrumenting numpy._typing._nbit_base
INFO: Instrumenting numpy._typing._nested_sequence
INFO: Instrumenting numpy._typing._shape
INFO: Instrumenting numpy._typing._char_codes
INFO: Instrumenting numpy._typing._dtype_like
INFO: Instrumenting numpy._typing._nbit
INFO: Instrumenting numpy._typing._scalars
INFO: Instrumenting numpy._typing._ufunc
INFO: Instrumenting numpy.lib._twodim_base_impl
INFO: Instrumenting numpy.lib._stride_tricks_impl
INFO: Instrumenting numpy.lib._array_utils_impl
INFO: Instrumenting numpy.lib.array_utils
INFO: Instrumenting numpy.lib._function_base_impl
INFO: Instrumenting numpy.lib._histograms_impl
INFO: Instrumenting numpy.lib._arraysetops_impl
INFO: Instrumenting numpy.lib._arrayterator_impl
INFO: Instrumenting numpy.lib._nanfunctions_impl
INFO: Instrumenting numpy.lib._npyio_impl
INFO: Instrumenting numpy.lib.format
INFO: Instrumenting numpy.lib._format_impl
INFO: Instrumenting numpy.lib._utils_impl
INFO: Instrumenting numpy.lib._datasource
INFO: Instrumenting numpy.lib._iotools
INFO: Instrumenting numpy.lib._polynomial_impl
INFO: Instrumenting numpy.lib._type_check_impl
INFO: Instrumenting numpy.lib._ufunclike_impl
INFO: Instrumenting numpy.lib._shape_base_impl
INFO: Instrumenting numpy.lib._version
INFO: Instrumenting numpy.lib.introspect
INFO: Instrumenting numpy.lib.mixins
INFO: Instrumenting numpy.lib.npyio
INFO: Instrumenting numpy.lib.scimath
INFO: Instrumenting numpy.lib._scimath_impl
INFO: Instrumenting numpy.lib.stride_tricks
INFO: Instrumenting numpy._array_api_info
INFO: Instrumenting numpy.typing
INFO: Instrumenting numpy._typing._add_docstring
INFO: Instrumenting gguf.quants
INFO: Instrumenting gguf.constants
INFO: Instrumenting gguf.lazy
INFO: Using built-in libfuzzer
WARNING: Failed to find function "__sanitizer_acquire_crash_state".
WARNING: Failed to find function "__sanitizer_print_stack_trace".
WARNING: Failed to find function "__sanitizer_set_death_callback".
INFO: Running with entropic power schedule (0xFF, 100).
INFO: Seed: 42
INFO:        3 files found in /tmp/proof_i/
INFO: -max_len is not provided; libFuzzer will not generate inputs larger than 4096 bytes
INFO: seed corpus: files: 3 min: 24b max: 185b total: 361b rss: 87Mb
#4	INITED cov: 106 ft: 139 corp: 3/361b exec/s: 0 rss: 87Mb
#5	NEW    cov: 107 ft: 145 corp: 4/386b lim: 185 exec/s: 0 rss: 87Mb L: 25/185 MS: 1 InsertByte-
#6	NEW    cov: 108 ft: 146 corp: 5/538b lim: 185 exec/s: 0 rss: 87Mb L: 152/185 MS: 1 CMP- DE: "\377\377\377\377"-
#7	NEW    cov: 109 ft: 147 corp: 6/690b lim: 185 exec/s: 0 rss: 87Mb L: 152/185 MS: 1 ChangeBinInt-
#8	NEW    cov: 110 ft: 156 corp: 7/714b lim: 185 exec/s: 0 rss: 87Mb L: 24/185 MS: 1 ChangeBit-
#11	NEW    cov: 110 ft: 159 corp: 8/731b lim: 185 exec/s: 0 rss: 87Mb L: 17/185 MS: 3 InsertByte-ShuffleBytes-CrossOver-
#16	REDUCE cov: 110 ft: 159 corp: 8/714b lim: 185 exec/s: 0 rss: 87Mb L: 135/185 MS: 5 ShuffleBytes-ChangeASCIIInt-InsertByte-InsertByte-EraseBytes-
#17	NEW    cov: 111 ft: 170 corp: 9/874b lim: 185 exec/s: 0 rss: 87Mb L: 160/185 MS: 1 EraseBytes-
#23	NEW    cov: 112 ft: 175 corp: 10/1059b lim: 185 exec/s: 0 rss: 87Mb L: 185/185 MS: 1 CopyPart-
#24	NEW    cov: 112 ft: 176 corp: 11/1244b lim: 185 exec/s: 0 rss: 87Mb L: 185/185 MS: 1 ChangeBit-
#31	NEW    cov: 112 ft: 186 corp: 12/1396b lim: 185 exec/s: 0 rss: 87Mb L: 152/185 MS: 2 ChangeByte-ChangeByte-
#32	NEW    cov: 112 ft: 188 corp: 13/1579b lim: 185 exec/s: 0 rss: 87Mb L: 183/185 MS: 1 InsertRepeatedBytes-
#38	NEW    cov: 112 ft: 190 corp: 14/1762b lim: 185 exec/s: 0 rss: 87Mb L: 183/185 MS: 1 EraseBytes-
#46	REDUCE cov: 113 ft: 191 corp: 15/1845b lim: 185 exec/s: 0 rss: 87Mb L: 83/185 MS: 3 ChangeBit-CrossOver-CrossOver-
#67	NEW    cov: 114 ft: 193 corp: 16/1997b lim: 185 exec/s: 0 rss: 87Mb L: 152/185 MS: 1 CopyPart-
#110	REDUCE cov: 114 ft: 193 corp: 16/1989b lim: 185 exec/s: 0 rss: 87Mb L: 127/185 MS: 3 ChangeBinInt-ChangeByte-EraseBytes-
#199	NEW    cov: 115 ft: 194 corp: 17/2153b lim: 185 exec/s: 0 rss: 87Mb L: 164/185 MS: 4 ChangeBinInt-CopyPart-PersAutoDict-CopyPart- DE: "\377\377\377\377"-
#222	REDUCE cov: 115 ft: 194 corp: 17/2111b lim: 185 exec/s: 0 rss: 87Mb L: 110/185 MS: 3 ChangeByte-PersAutoDict-EraseBytes- DE: "\377\377\377\377"-
#223	REDUCE cov: 115 ft: 194 corp: 17/2062b lim: 185 exec/s: 0 rss: 87Mb L: 103/185 MS: 1 CrossOver-
#264	REDUCE cov: 115 ft: 194 corp: 17/2058b lim: 185 exec/s: 0 rss: 87Mb L: 181/185 MS: 1 EraseBytes-
#270	REDUCE cov: 115 ft: 194 corp: 17/2056b lim: 185 exec/s: 0 rss: 87Mb L: 125/185 MS: 1 EraseBytes-
#285	NEW    cov: 115 ft: 195 corp: 18/2063b lim: 185 exec/s: 0 rss: 87Mb L: 7/185 MS: 5 EraseBytes-InsertByte-InsertRepeatedBytes-InsertRepeatedBytes-CrossOver-
#321	REDUCE cov: 115 ft: 195 corp: 18/2021b lim: 185 exec/s: 0 rss: 87Mb L: 41/185 MS: 1 CrossOver-
#342	REDUCE cov: 115 ft: 195 corp: 18/2005b lim: 185 exec/s: 0 rss: 87Mb L: 25/185 MS: 1 EraseBytes-
#343	REDUCE cov: 115 ft: 195 corp: 18/1996b lim: 185 exec/s: 0 rss: 87Mb L: 101/185 MS: 1 EraseBytes-
#349	REDUCE cov: 115 ft: 195 corp: 18/1985b lim: 185 exec/s: 0 rss: 87Mb L: 13/185 MS: 1 EraseBytes-
#372	REDUCE cov: 115 ft: 195 corp: 18/1950b lim: 185 exec/s: 0 rss: 87Mb L: 129/185 MS: 3 CopyPart-CrossOver-EraseBytes-
#379	REDUCE cov: 115 ft: 195 corp: 18/1947b lim: 185 exec/s: 0 rss: 87Mb L: 10/185 MS: 2 ChangeByte-EraseBytes-
#380	REDUCE cov: 115 ft: 195 corp: 18/1944b lim: 185 exec/s: 0 rss: 87Mb L: 4/185 MS: 1 EraseBytes-
#382	REDUCE cov: 115 ft: 195 corp: 18/1903b lim: 185 exec/s: 0 rss: 87Mb L: 60/185 MS: 2 InsertByte-CrossOver-
#409	REDUCE cov: 115 ft: 195 corp: 18/1881b lim: 185 exec/s: 0 rss: 87Mb L: 161/185 MS: 2 ChangeBit-EraseBytes-
#425	REDUCE cov: 115 ft: 195 corp: 18/1857b lim: 185 exec/s: 0 rss: 87Mb L: 136/185 MS: 1 EraseBytes-
#428	REDUCE cov: 115 ft: 195 corp: 18/1854b lim: 185 exec/s: 0 rss: 87Mb L: 7/185 MS: 3 ChangeByte-ShuffleBytes-EraseBytes-
#430	REDUCE cov: 115 ft: 197 corp: 19/1998b lim: 185 exec/s: 0 rss: 87Mb L: 144/185 MS: 2 CMP-CMP- DE: "2\000\000\000\000\000\000\000"-"\013\000\000\000\000\000\000\000"-
#492	REDUCE cov: 115 ft: 197 corp: 19/1976b lim: 185 exec/s: 0 rss: 87Mb L: 159/185 MS: 2 CMP-EraseBytes- DE: "\001\000"-
#501	REDUCE cov: 115 ft: 197 corp: 19/1951b lim: 185 exec/s: 0 rss: 87Mb L: 35/185 MS: 4 CMP-PersAutoDict-PersAutoDict-EraseBytes- DE: "\377\377\377\377"-"2\000\000\000\000\000\000\000"-"\377\377\377\377"-
#602	REDUCE cov: 115 ft: 197 corp: 19/1949b lim: 185 exec/s: 0 rss: 87Mb L: 5/185 MS: 1 EraseBytes-
#614	REDUCE cov: 115 ft: 197 corp: 19/1900b lim: 185 exec/s: 0 rss: 87Mb L: 95/185 MS: 2 ChangeBit-EraseBytes-
#622	REDUCE cov: 115 ft: 197 corp: 19/1890b lim: 185 exec/s: 0 rss: 87Mb L: 93/185 MS: 3 CrossOver-ShuffleBytes-EraseBytes-
#623	NEW    cov: 115 ft: 203 corp: 20/2042b lim: 185 exec/s: 0 rss: 87Mb L: 152/185 MS: 1 CMP- DE: "\001\000"-
#654	REDUCE cov: 115 ft: 203 corp: 20/1989b lim: 185 exec/s: 0 rss: 87Mb L: 108/185 MS: 1 EraseBytes-
#705	REDUCE cov: 115 ft: 203 corp: 20/1970b lim: 185 exec/s: 0 rss: 87Mb L: 117/185 MS: 1 EraseBytes-
#741	REDUCE cov: 115 ft: 203 corp: 20/1964b lim: 185 exec/s: 0 rss: 87Mb L: 29/185 MS: 1 CrossOver-
#758	REDUCE cov: 115 ft: 203 corp: 20/1933b lim: 185 exec/s: 0 rss: 87Mb L: 62/185 MS: 2 CrossOver-EraseBytes-
#764	REDUCE cov: 115 ft: 203 corp: 20/1904b lim: 185 exec/s: 0 rss: 87Mb L: 100/185 MS: 1 EraseBytes-
#825	REDUCE cov: 115 ft: 203 corp: 20/1855b lim: 185 exec/s: 0 rss: 87Mb L: 51/185 MS: 1 EraseBytes-
#836	REDUCE cov: 115 ft: 203 corp: 20/1846b lim: 185 exec/s: 0 rss: 87Mb L: 42/185 MS: 1 EraseBytes-
#947	REDUCE cov: 115 ft: 203 corp: 20/1844b lim: 185 exec/s: 0 rss: 87Mb L: 15/185 MS: 1 EraseBytes-
#954	NEW    cov: 116 ft: 204 corp: 21/2018b lim: 185 exec/s: 0 rss: 87Mb L: 174/185 MS: 2 InsertRepeatedBytes-ChangeByte-
#976	NEW    cov: 116 ft: 207 corp: 22/2174b lim: 185 exec/s: 0 rss: 87Mb L: 156/185 MS: 2 EraseBytes-InsertRepeatedBytes-
#1103	REDUCE cov: 116 ft: 214 corp: 23/2176b lim: 185 exec/s: 0 rss: 87Mb L: 2/185 MS: 2 ChangeBinInt-EraseBytes-
#1137	REDUCE cov: 116 ft: 214 corp: 23/2175b lim: 185 exec/s: 0 rss: 87Mb L: 4/185 MS: 4 CrossOver-ShuffleBytes-ChangeByte-EraseBytes-
#1190	REDUCE cov: 116 ft: 214 corp: 23/2174b lim: 185 exec/s: 0 rss: 87Mb L: 1/185 MS: 3 InsertByte-EraseBytes-EraseBytes-
#1221	NEW    cov: 116 ft: 216 corp: 24/2359b lim: 185 exec/s: 0 rss: 87Mb L: 185/185 MS: 1 CopyPart-
#1264	REDUCE cov: 116 ft: 216 corp: 24/2348b lim: 185 exec/s: 0 rss: 87Mb L: 141/185 MS: 3 InsertByte-CrossOver-EraseBytes-
#1305	REDUCE cov: 116 ft: 216 corp: 24/2343b lim: 185 exec/s: 0 rss: 87Mb L: 20/185 MS: 1 EraseBytes-
#1391	REDUCE cov: 116 ft: 216 corp: 24/2283b lim: 185 exec/s: 0 rss: 87Mb L: 92/185 MS: 1 EraseBytes-
#1453	REDUCE cov: 116 ft: 216 corp: 24/2239b lim: 185 exec/s: 0 rss: 87Mb L: 115/185 MS: 2 ChangeByte-EraseBytes-
#1490	REDUCE cov: 116 ft: 216 corp: 24/2232b lim: 185 exec/s: 0 rss: 87Mb L: 149/185 MS: 2 ChangeByte-EraseBytes-
#1546	REDUCE cov: 123 ft: 223 corp: 25/2381b lim: 185 exec/s: 0 rss: 87Mb L: 149/185 MS: 1 ChangeBit-
#1578	REDUCE cov: 123 ft: 224 corp: 26/2538b lim: 185 exec/s: 0 rss: 87Mb L: 157/185 MS: 2 PersAutoDict-InsertRepeatedBytes- DE: "\013\000\000\000\000\000\000\000"-
#1660	REDUCE cov: 123 ft: 224 corp: 26/2537b lim: 185 exec/s: 0 rss: 87Mb L: 61/185 MS: 2 ChangeByte-EraseBytes-
#1761	REDUCE cov: 123 ft: 224 corp: 26/2523b lim: 185 exec/s: 0 rss: 87Mb L: 135/185 MS: 1 EraseBytes-
#2162	REDUCE cov: 123 ft: 224 corp: 26/2522b lim: 185 exec/s: 0 rss: 87Mb L: 41/185 MS: 1 EraseBytes-
#2172	REDUCE cov: 123 ft: 224 corp: 26/2517b lim: 185 exec/s: 0 rss: 87Mb L: 24/185 MS: 5 PersAutoDict-InsertByte-ChangeBit-ChangeByte-EraseBytes- DE: "2\000\000\000\000\000\000\000"-
#2429	REDUCE cov: 123 ft: 224 corp: 26/2497b lim: 185 exec/s: 0 rss: 87Mb L: 95/185 MS: 2 ChangeBinInt-EraseBytes-
#2781	NEW    cov: 124 ft: 225 corp: 27/2650b lim: 185 exec/s: 0 rss: 87Mb L: 153/185 MS: 2 InsertRepeatedBytes-InsertByte-
#2783	REDUCE cov: 124 ft: 225 corp: 27/2642b lim: 185 exec/s: 0 rss: 87Mb L: 12/185 MS: 2 PersAutoDict-EraseBytes- DE: "2\000\000\000\000\000\000\000"-
#3179	REDUCE cov: 124 ft: 225 corp: 27/2641b lim: 185 exec/s: 0 rss: 87Mb L: 14/185 MS: 1 EraseBytes-
#3295	REDUCE cov: 124 ft: 225 corp: 27/2622b lim: 185 exec/s: 0 rss: 87Mb L: 22/185 MS: 1 EraseBytes-
#3301	REDUCE cov: 124 ft: 225 corp: 27/2597b lim: 185 exec/s: 0 rss: 87Mb L: 110/185 MS: 1 EraseBytes-
#3352	REDUCE cov: 124 ft: 225 corp: 27/2557b lim: 185 exec/s: 0 rss: 87Mb L: 143/185 MS: 1 EraseBytes-
#3443	REDUCE cov: 124 ft: 225 corp: 27/2515b lim: 185 exec/s: 0 rss: 87Mb L: 132/185 MS: 1 EraseBytes-
#3524	REDUCE cov: 124 ft: 225 corp: 27/2452b lim: 185 exec/s: 0 rss: 87Mb L: 90/185 MS: 1 EraseBytes-
#3602	REDUCE cov: 124 ft: 225 corp: 27/2418b lim: 185 exec/s: 0 rss: 87Mb L: 151/185 MS: 3 CMP-ChangeASCIIInt-EraseBytes- DE: "\001\000\000\000\000\000\0001"-
#3680	REDUCE cov: 124 ft: 225 corp: 27/2379b lim: 185 exec/s: 0 rss: 87Mb L: 56/185 MS: 3 CrossOver-ChangeBit-CrossOver-
#3907	REDUCE cov: 124 ft: 225 corp: 27/2327b lim: 185 exec/s: 0 rss: 87Mb L: 56/185 MS: 2 ShuffleBytes-EraseBytes-
#4018	REDUCE cov: 124 ft: 225 corp: 27/2320b lim: 185 exec/s: 0 rss: 87Mb L: 15/185 MS: 1 EraseBytes-
#4431	REDUCE cov: 124 ft: 225 corp: 27/2281b lim: 185 exec/s: 0 rss: 87Mb L: 51/185 MS: 3 ChangeByte-EraseBytes-EraseBytes-
#4432	REDUCE cov: 124 ft: 225 corp: 27/2268b lim: 185 exec/s: 0 rss: 87Mb L: 136/185 MS: 1 EraseBytes-
#4656	REDUCE cov: 124 ft: 225 corp: 27/2262b lim: 185 exec/s: 0 rss: 87Mb L: 9/185 MS: 4 ChangeByte-InsertByte-ShuffleBytes-EraseBytes-
#4677	REDUCE cov: 124 ft: 229 corp: 28/2430b lim: 185 exec/s: 0 rss: 87Mb L: 168/185 MS: 1 InsertRepeatedBytes-
#4753	REDUCE cov: 124 ft: 229 corp: 28/2428b lim: 185 exec/s: 0 rss: 87Mb L: 59/185 MS: 1 EraseBytes-
#4824	REDUCE cov: 124 ft: 229 corp: 28/2421b lim: 185 exec/s: 0 rss: 87Mb L: 134/185 MS: 1 EraseBytes-
#5279	REDUCE cov: 124 ft: 229 corp: 28/2411b lim: 185 exec/s: 0 rss: 87Mb L: 49/185 MS: 5 InsertByte-CrossOver-CopyPart-CopyPart-EraseBytes-
#5330	NEW    cov: 125 ft: 230 corp: 29/2563b lim: 185 exec/s: 0 rss: 87Mb L: 152/185 MS: 1 CrossOver-
#5336	REDUCE cov: 125 ft: 230 corp: 29/2545b lim: 185 exec/s: 0 rss: 87Mb L: 92/185 MS: 1 EraseBytes-
#5533	NEW    cov: 126 ft: 231 corp: 30/2693b lim: 185 exec/s: 0 rss: 87Mb L: 148/185 MS: 2 InsertRepeatedBytes-EraseBytes-
#5820	REDUCE cov: 126 ft: 231 corp: 30/2692b lim: 185 exec/s: 0 rss: 87Mb L: 24/185 MS: 2 ChangeByte-EraseBytes-
#6265	REDUCE cov: 126 ft: 231 corp: 30/2674b lim: 185 exec/s: 0 rss: 87Mb L: 77/185 MS: 5 ChangeBit-ChangeBit-CrossOver-ChangeBit-CrossOver-
#6270	REDUCE cov: 126 ft: 231 corp: 30/2663b lim: 185 exec/s: 0 rss: 87Mb L: 132/185 MS: 5 ShuffleBytes-CopyPart-ChangeBinInt-PersAutoDict-EraseBytes- DE: "\001\000"-
#6521	REDUCE cov: 126 ft: 231 corp: 30/2662b lim: 185 exec/s: 0 rss: 87Mb L: 76/185 MS: 1 EraseBytes-
#6555	REDUCE cov: 126 ft: 233 corp: 31/2810b lim: 185 exec/s: 0 rss: 87Mb L: 148/185 MS: 4 EraseBytes-InsertByte-InsertRepeatedBytes-ChangeBit-
#6594	NEW    cov: 126 ft: 234 corp: 32/2989b lim: 185 exec/s: 0 rss: 87Mb L: 179/185 MS: 4 ChangeByte-ChangeBit-InsertRepeatedBytes-ChangeByte-
#6640	REDUCE cov: 126 ft: 234 corp: 32/2972b lim: 185 exec/s: 0 rss: 87Mb L: 162/185 MS: 1 EraseBytes-
#6646	REDUCE cov: 126 ft: 234 corp: 32/2962b lim: 185 exec/s: 0 rss: 87Mb L: 126/185 MS: 1 EraseBytes-
#6844	NEW    cov: 126 ft: 235 corp: 33/3137b lim: 185 exec/s: 0 rss: 87Mb L: 175/185 MS: 3 CMP-ChangeBinInt-CopyPart- DE: "\230\000\000\000\000\000\000\000"-
#6869	REDUCE cov: 126 ft: 235 corp: 33/3064b lim: 185 exec/s: 0 rss: 87Mb L: 53/185 MS: 5 EraseBytes-InsertRepeatedBytes-EraseBytes-ChangeBit-EraseBytes-
#7267	REDUCE cov: 126 ft: 235 corp: 33/3058b lim: 185 exec/s: 0 rss: 87Mb L: 162/185 MS: 3 ChangeByte-ChangeByte-EraseBytes-
#7363	REDUCE cov: 126 ft: 235 corp: 33/3055b lim: 185 exec/s: 0 rss: 87Mb L: 53/185 MS: 1 EraseBytes-
#7392	REDUCE cov: 126 ft: 235 corp: 33/3010b lim: 185 exec/s: 0 rss: 87Mb L: 103/185 MS: 4 ShuffleBytes-InsertByte-ShuffleBytes-EraseBytes-
#7509	REDUCE cov: 126 ft: 235 corp: 33/3007b lim: 185 exec/s: 0 rss: 87Mb L: 50/185 MS: 2 CopyPart-EraseBytes-
#7605	REDUCE cov: 126 ft: 235 corp: 33/3001b lim: 185 exec/s: 0 rss: 87Mb L: 86/185 MS: 1 EraseBytes-
#7876	REDUCE cov: 126 ft: 235 corp: 33/2999b lim: 185 exec/s: 0 rss: 87Mb L: 10/185 MS: 1 EraseBytes-
