INFO: Instrumenting gguf
INFO: Instrumenting gguf.gguf_reader
INFO: Instrumenting numpy
INFO: Instrumenting numpy.version
INFO: Instrumenting numpy._expired_attrs_2_0
INFO: Instrumenting numpy._globals
INFO: Instrumenting numpy._utils
INFO: Instrumenting numpy._utils._conversions
INFO: Instrumenting numpy._distributor_init
INFO: Instrumenting numpy.__config__
INFO: Instrumenting numpy._core
INFO: Instrumenting numpy._core.multiarray
INFO: Instrumenting numpy.exceptions
INFO: Instrumenting numpy._core._exceptions
INFO: Instrumenting numpy._core.printoptions
INFO: Instrumenting contextvars
INFO: Instrumenting numpy.dtypes
INFO: Instrumenting numpy._core.overrides
INFO: Instrumenting numpy._utils._inspect
INFO: Instrumenting numpy._core.umath
INFO: Instrumenting numpy._core.numerictypes
INFO: Instrumenting numbers
INFO: Instrumenting numpy._core._string_helpers
INFO: Instrumenting numpy._core._type_aliases
INFO: Instrumenting numpy._core.einsumfunc
INFO: Instrumenting numpy._core.numeric
INFO: Instrumenting numpy._core.shape_base
INFO: Instrumenting numpy._core.fromnumeric
INFO: Instrumenting numpy._core._methods
INFO: Instrumenting numpy._core._ufunc_config
INFO: Instrumenting numpy._core._asarray
INFO: Instrumenting numpy._core.arrayprint
INFO: Instrumenting numpy._core.function_base
INFO: Instrumenting numpy._core.getlimits
INFO: Instrumenting numpy._core.memmap
INFO: Instrumenting numpy._core.records
INFO: Instrumenting numpy._core._add_newdocs
INFO: Instrumenting numpy._core._add_newdocs_scalars
INFO: Instrumenting numpy._core._dtype
INFO: Instrumenting numpy._core._dtype_ctypes
INFO: Instrumenting numpy._core._internal
INFO: Instrumenting ctypes
INFO: Instrumenting ctypes._endian
INFO: Instrumenting numpy._pytesttester
INFO: Instrumenting numpy.lib
INFO: Instrumenting numpy.lib._arraypad_impl
INFO: Instrumenting numpy.lib._index_tricks_impl
INFO: Instrumenting numpy.matrixlib
INFO: Instrumenting numpy.matrixlib.defmatrix
INFO: Instrumenting numpy.linalg
INFO: Instrumenting numpy.linalg._linalg
INFO: Instrumenting numpy._typing
INFO: Instrumenting numpy._typing._array_like
INFO: Instrumenting numpy._typing._nbit_base
INFO: Instrumenting numpy._typing._nested_sequence
INFO: Instrumenting numpy._typing._shape
INFO: Instrumenting numpy._typing._char_codes
INFO: Instrumenting numpy._typing._dtype_like
INFO: Instrumenting numpy._typing._nbit
INFO: Instrumenting numpy._typing._scalars
INFO: Instrumenting numpy._typing._ufunc
INFO: Instrumenting numpy.lib._twodim_base_impl
INFO: Instrumenting numpy.lib._stride_tricks_impl
INFO: Instrumenting numpy.lib._array_utils_impl
INFO: Instrumenting numpy.lib.array_utils
INFO: Instrumenting numpy.lib._function_base_impl
INFO: Instrumenting numpy.lib._histograms_impl
INFO: Instrumenting numpy.lib._arraysetops_impl
INFO: Instrumenting numpy.lib._arrayterator_impl
INFO: Instrumenting numpy.lib._nanfunctions_impl
INFO: Instrumenting numpy.lib._npyio_impl
INFO: Instrumenting numpy.lib.format
INFO: Instrumenting numpy.lib._format_impl
INFO: Instrumenting numpy.lib._utils_impl
INFO: Instrumenting numpy.lib._datasource
INFO: Instrumenting numpy.lib._iotools
INFO: Instrumenting numpy.lib._polynomial_impl
INFO: Instrumenting numpy.lib._type_check_impl
INFO: Instrumenting numpy.lib._ufunclike_impl
INFO: Instrumenting numpy.lib._shape_base_impl
INFO: Instrumenting numpy.lib._version
INFO: Instrumenting numpy.lib.introspect
INFO: Instrumenting numpy.lib.mixins
INFO: Instrumenting numpy.lib.npyio
INFO: Instrumenting numpy.lib.scimath
INFO: Instrumenting numpy.lib._scimath_impl
INFO: Instrumenting numpy.lib.stride_tricks
INFO: Instrumenting numpy._array_api_info
INFO: Instrumenting numpy.typing
INFO: Instrumenting numpy._typing._add_docstring
INFO: Instrumenting gguf.quants
INFO: Instrumenting gguf.constants
INFO: Instrumenting gguf.lazy
INFO: Using built-in libfuzzer
WARNING: Failed to find function "__sanitizer_acquire_crash_state".
WARNING: Failed to find function "__sanitizer_print_stack_trace".
WARNING: Failed to find function "__sanitizer_set_death_callback".
INFO: Running with entropic power schedule (0xFF, 100).
INFO: Seed: 569769490
INFO:       39 files found in /home/kali/director/projects/gguf-fuzzing/corpus_evolved/
INFO: -max_len is not provided; libFuzzer will not generate inputs larger than 4096 bytes
INFO: seed corpus: files: 39 min: 1b max: 185b total: 3532b rss: 86Mb
#40	INITED cov: 130 ft: 242 corp: 36/3128b exec/s: 0 rss: 86Mb
#61	REDUCE cov: 130 ft: 242 corp: 36/3127b lim: 185 exec/s: 0 rss: 86Mb L: 8/185 MS: 1 EraseBytes-
#407	REDUCE cov: 130 ft: 242 corp: 36/3126b lim: 185 exec/s: 0 rss: 86Mb L: 5/185 MS: 1 EraseBytes-
#479	REDUCE cov: 130 ft: 242 corp: 36/3119b lim: 185 exec/s: 0 rss: 86Mb L: 144/185 MS: 2 ShuffleBytes-EraseBytes-
#490	REDUCE cov: 130 ft: 242 corp: 36/3110b lim: 185 exec/s: 0 rss: 86Mb L: 86/185 MS: 1 EraseBytes-
#1078	REDUCE cov: 130 ft: 242 corp: 36/3058b lim: 185 exec/s: 0 rss: 86Mb L: 115/185 MS: 3 ShuffleBytes-ChangeBinInt-EraseBytes-
#1184	REDUCE cov: 130 ft: 242 corp: 36/3038b lim: 185 exec/s: 0 rss: 86Mb L: 124/185 MS: 1 EraseBytes-
#1250	REDUCE cov: 130 ft: 242 corp: 36/3037b lim: 185 exec/s: 0 rss: 86Mb L: 10/185 MS: 1 EraseBytes-
#1578	REDUCE cov: 130 ft: 242 corp: 36/3022b lim: 185 exec/s: 0 rss: 86Mb L: 130/185 MS: 3 ChangeBit-ChangeBinInt-EraseBytes-
#1585	REDUCE cov: 130 ft: 242 corp: 36/3017b lim: 185 exec/s: 0 rss: 86Mb L: 141/185 MS: 2 ChangeBit-EraseBytes-
#1912	REDUCE cov: 130 ft: 242 corp: 36/3011b lim: 185 exec/s: 0 rss: 86Mb L: 48/185 MS: 2 EraseBytes-CopyPart-
#2468	REDUCE cov: 130 ft: 242 corp: 36/3010b lim: 185 exec/s: 0 rss: 86Mb L: 113/185 MS: 1 EraseBytes-
#2729	REDUCE cov: 130 ft: 242 corp: 36/3007b lim: 185 exec/s: 0 rss: 86Mb L: 80/185 MS: 1 EraseBytes-
#3231	REDUCE cov: 130 ft: 242 corp: 36/2999b lim: 185 exec/s: 0 rss: 86Mb L: 38/185 MS: 2 CopyPart-EraseBytes-
#3232	REDUCE cov: 130 ft: 242 corp: 36/2995b lim: 185 exec/s: 0 rss: 86Mb L: 34/185 MS: 1 EraseBytes-
#3303	REDUCE cov: 130 ft: 242 corp: 36/2966b lim: 185 exec/s: 0 rss: 86Mb L: 150/185 MS: 1 EraseBytes-
#3779	REDUCE cov: 130 ft: 242 corp: 36/2958b lim: 185 exec/s: 0 rss: 86Mb L: 116/185 MS: 1 EraseBytes-
#5445	REDUCE cov: 130 ft: 242 corp: 36/2947b lim: 199 exec/s: 0 rss: 86Mb L: 92/185 MS: 1 CrossOver-
#5700	NEW    cov: 130 ft: 245 corp: 37/3137b lim: 199 exec/s: 0 rss: 86Mb L: 190/190 MS: 5 ChangeByte-ShuffleBytes-ChangeBit-EraseBytes-InsertRepeatedBytes-
#5701	REDUCE cov: 130 ft: 245 corp: 37/3103b lim: 199 exec/s: 0 rss: 86Mb L: 151/190 MS: 1 EraseBytes-
#5702	NEW    cov: 130 ft: 249 corp: 38/3288b lim: 199 exec/s: 0 rss: 86Mb L: 185/190 MS: 1 CrossOver-
#6433	REDUCE cov: 130 ft: 249 corp: 38/3284b lim: 206 exec/s: 0 rss: 86Mb L: 65/190 MS: 1 EraseBytes-
#7440	REDUCE cov: 130 ft: 249 corp: 38/3282b lim: 213 exec/s: 7440 rss: 86Mb L: 139/190 MS: 1 EraseBytes-
#8147	NEW    cov: 130 ft: 250 corp: 39/3438b lim: 220 exec/s: 8147 rss: 86Mb L: 156/190 MS: 2 CMP-InsertRepeatedBytes- DE: "\010\000\000\000\000\000\000\000"-
#8413	REDUCE cov: 130 ft: 250 corp: 39/3434b lim: 220 exec/s: 8413 rss: 86Mb L: 82/190 MS: 1 EraseBytes-
#9291	REDUCE cov: 130 ft: 254 corp: 40/3660b lim: 227 exec/s: 9291 rss: 86Mb L: 226/226 MS: 3 ChangeBit-CopyPart-CopyPart-
#9329	NEW    cov: 130 ft: 257 corp: 41/3869b lim: 227 exec/s: 9329 rss: 86Mb L: 209/226 MS: 3 ChangeBinInt-CopyPart-CopyPart-
#9550	NEW    cov: 130 ft: 259 corp: 42/4017b lim: 227 exec/s: 9550 rss: 86Mb L: 148/226 MS: 1 CrossOver-
#10017	REDUCE cov: 130 ft: 259 corp: 42/4016b lim: 227 exec/s: 10017 rss: 86Mb L: 64/226 MS: 2 ShuffleBytes-EraseBytes-
#10088	NEW    cov: 130 ft: 262 corp: 43/4221b lim: 227 exec/s: 10088 rss: 86Mb L: 205/226 MS: 1 EraseBytes-
#10545	REDUCE cov: 130 ft: 262 corp: 43/4219b lim: 227 exec/s: 10545 rss: 86Mb L: 114/226 MS: 2 ShuffleBytes-EraseBytes-
#10546	REDUCE cov: 130 ft: 262 corp: 43/4217b lim: 227 exec/s: 10546 rss: 86Mb L: 188/226 MS: 1 EraseBytes-
#10745	REDUCE cov: 130 ft: 262 corp: 43/4216b lim: 227 exec/s: 10745 rss: 86Mb L: 9/226 MS: 4 ShuffleBytes-CMP-EraseBytes-EraseBytes- DE: "L\000\000\000\000\000\000\000"-
#11142	REDUCE cov: 130 ft: 262 corp: 43/4210b lim: 227 exec/s: 11142 rss: 86Mb L: 86/226 MS: 2 InsertByte-EraseBytes-
#11444	REDUCE cov: 130 ft: 262 corp: 43/4208b lim: 227 exec/s: 11444 rss: 86Mb L: 113/226 MS: 2 InsertByte-EraseBytes-
#11550	REDUCE cov: 130 ft: 262 corp: 43/4207b lim: 227 exec/s: 11550 rss: 86Mb L: 95/226 MS: 1 EraseBytes-
#13356	REDUCE cov: 130 ft: 262 corp: 43/4206b lim: 241 exec/s: 13356 rss: 86Mb L: 93/226 MS: 1 EraseBytes-
#13507	REDUCE cov: 130 ft: 262 corp: 43/4159b lim: 241 exec/s: 13507 rss: 86Mb L: 101/226 MS: 1 EraseBytes-
#13740	REDUCE cov: 130 ft: 263 corp: 44/4348b lim: 241 exec/s: 13740 rss: 86Mb L: 189/226 MS: 3 ChangeByte-InsertByte-ChangeBinInt-
#13821	REDUCE cov: 130 ft: 263 corp: 44/4344b lim: 241 exec/s: 13821 rss: 86Mb L: 205/226 MS: 1 EraseBytes-
#15127	REDUCE cov: 130 ft: 263 corp: 44/4336b lim: 248 exec/s: 15127 rss: 86Mb L: 141/226 MS: 1 EraseBytes-
#15818	REDUCE cov: 130 ft: 263 corp: 44/4335b lim: 248 exec/s: 7909 rss: 86Mb L: 112/226 MS: 1 EraseBytes-
#15935	REDUCE cov: 130 ft: 263 corp: 44/4328b lim: 248 exec/s: 7967 rss: 86Mb L: 123/226 MS: 2 ShuffleBytes-EraseBytes-
#16019	NEW    cov: 130 ft: 264 corp: 45/4573b lim: 248 exec/s: 8009 rss: 86Mb L: 245/245 MS: 4 ChangeBinInt-CopyPart-CopyPart-InsertRepeatedBytes-
#16384	pulse  cov: 130 ft: 264 corp: 45/4573b lim: 248 exec/s: 8192 rss: 86Mb
#16537	REDUCE cov: 130 ft: 264 corp: 45/4572b lim: 248 exec/s: 8268 rss: 86Mb L: 9/245 MS: 1 EraseBytes-
#17813	NEW    cov: 130 ft: 266 corp: 46/4817b lim: 255 exec/s: 8906 rss: 86Mb L: 245/245 MS: 1 InsertRepeatedBytes-
#18310	REDUCE cov: 130 ft: 266 corp: 46/4807b lim: 255 exec/s: 9155 rss: 86Mb L: 129/245 MS: 2 ChangeBit-EraseBytes-
#18422	REDUCE cov: 130 ft: 266 corp: 46/4804b lim: 255 exec/s: 9211 rss: 86Mb L: 10/245 MS: 2 ShuffleBytes-EraseBytes-
#18462	REDUCE cov: 130 ft: 266 corp: 46/4797b lim: 255 exec/s: 9231 rss: 86Mb L: 36/245 MS: 5 ChangeBit-CrossOver-ShuffleBytes-ChangeBinInt-CrossOver-
#19009	REDUCE cov: 130 ft: 266 corp: 46/4795b lim: 255 exec/s: 9504 rss: 86Mb L: 91/245 MS: 2 ShuffleBytes-EraseBytes-
#19470	REDUCE cov: 130 ft: 266 corp: 46/4794b lim: 255 exec/s: 9735 rss: 86Mb L: 8/245 MS: 1 EraseBytes-
#19611	REDUCE cov: 130 ft: 266 corp: 46/4793b lim: 255 exec/s: 9805 rss: 86Mb L: 79/245 MS: 1 EraseBytes-
#19632	NEW    cov: 130 ft: 269 corp: 47/4978b lim: 255 exec/s: 9816 rss: 86Mb L: 185/245 MS: 1 ChangeBit-
#19878	NEW    cov: 130 ft: 281 corp: 48/5223b lim: 255 exec/s: 9939 rss: 86Mb L: 245/245 MS: 1 ShuffleBytes-
ALARM: working on the last Unit for 5 seconds
       and the timeout value is 5 (use -timeout=N to change)
MS: 1 InsertByte-; base unit: 7e3eb72689f701db151552e965093cf0b4a92373
0x47,0x47,0x55,0x46,0x3,0x0,0x0,0x0,0x0,0x0,0x0,0x0,0x0,0x0,0x0,0x0,0x4,0x0,0x0,0x0,0x0,0x0,0x0,0x0,0x11,0x0,0x0,0x0,0x0,0x0,0x0,0x0,0x67,0x65,0x6e,0x65,0x72,0x61,0x6c,0x2e,0x66,0x69,0x6c,0x65,0x5f,0x74,0x79,0x70,0x65,0x4,0x0,0x0,0x0,0x1,0x0,0x0,0x0,0x12,0x0,0x0,0x0,0x0,0x0,0x0,0x0,0x67,0x65,0x6e,0x65,0x72,0x61,0x6c,0x2e,0x73,0x6f,0x6d,0x65,0x5f,0x66,0x6c,0x6f,0x61,0x74,0x6,0x0,0x0,0x0,0x0,0x0,0x50,0x40,0xc,0x0,0x0,0x0,0x0,0x0,0x0,0x0,0x67,0x65,0x6e,0x65,0x72,0x61,0x6c,0x2e,0x6e,0x61,0x6d,0x65,0x8,0x0,0x0,0x0,0x11,0x0,0x0,0x0,0x0,0x0,0x0,0x0,0x63,0x6f,0x72,0x70,0x75,0x73,0x2d,0x73,0x65,0x65,0x64,0x2d,0x6d,0x6f,0x64,0x65,0x6c,0x12,0x0,0x0,0x0,0x0,0x0,0x0,0x0,0x67,0x65,0x6e,0x65,0x72,0x61,0x6c,0x2e,0x73,0x6f,0x6d,0x65,0x5f,0x61,0x72,0x72,0x61,0x79,0x9,0x0,0x0,0x0,0x2,0x0,0x0,0x0,0x0,0x11,0xd8,0x0,0x0,0x0,0x0,0x0,0x0,0x0,0x2,0x3,
GGUF\003\000\000\000\000\000\000\000\000\000\000\000\004\000\000\000\000\000\000\000\021\000\000\000\000\000\000\000general.file_type\004\000\000\000\001\000\000\000\022\000\000\000\000\000\000\000general.some_float\006\000\000\000\000\000P@\014\000\000\000\000\000\000\000general.name\010\000\000\000\021\000\000\000\000\000\000\000corpus-seed-model\022\000\000\000\000\000\000\000general.some_array\011\000\000\000\002\000\000\000\000\021\330\000\000\000\000\000\000\000\002\003
artifact_prefix='/home/kali/director/projects/gguf-fuzzing/artifacts/'; Test unit written to /home/kali/director/projects/gguf-fuzzing/artifacts/timeout-a5cebc9fa72f4dc706b734bb41292a478d2f892e
Base64: R0dVRgMAAAAAAAAAAAAAAAQAAAAAAAAAEQAAAAAAAABnZW5lcmFsLmZpbGVfdHlwZQQAAAABAAAAEgAAAAAAAABnZW5lcmFsLnNvbWVfZmxvYXQGAAAAAABQQAwAAAAAAAAAZ2VuZXJhbC5uYW1lCAAAABEAAAAAAAAAY29ycHVzLXNlZWQtbW9kZWwSAAAAAAAAAGdlbmVyYWwuc29tZV9hcnJheQkAAAACAAAAABHYAAAAAAAAAAID
==2267797== ERROR: libFuzzer: timeout after 5 seconds
SUMMARY: libFuzzer: timeout
