INFO: Instrumenting gguf
INFO: Instrumenting gguf.gguf_reader
INFO: Instrumenting numpy
INFO: Instrumenting numpy.version
INFO: Instrumenting numpy._expired_attrs_2_0
INFO: Instrumenting numpy._globals
INFO: Instrumenting numpy._utils
INFO: Instrumenting numpy._utils._conversions
INFO: Instrumenting numpy._distributor_init
INFO: Instrumenting numpy.__config__
INFO: Instrumenting numpy._core
INFO: Instrumenting numpy._core.multiarray
INFO: Instrumenting numpy.exceptions
INFO: Instrumenting numpy._core._exceptions
INFO: Instrumenting numpy._core.printoptions
INFO: Instrumenting contextvars
INFO: Instrumenting numpy.dtypes
INFO: Instrumenting numpy._core.overrides
INFO: Instrumenting numpy._utils._inspect
INFO: Instrumenting numpy._core.umath
INFO: Instrumenting numpy._core.numerictypes
INFO: Instrumenting numbers
INFO: Instrumenting numpy._core._string_helpers
INFO: Instrumenting numpy._core._type_aliases
INFO: Instrumenting numpy._core.einsumfunc
INFO: Instrumenting numpy._core.numeric
INFO: Instrumenting numpy._core.shape_base
INFO: Instrumenting numpy._core.fromnumeric
INFO: Instrumenting numpy._core._methods
INFO: Instrumenting numpy._core._ufunc_config
INFO: Instrumenting numpy._core._asarray
INFO: Instrumenting numpy._core.arrayprint
INFO: Instrumenting numpy._core.function_base
INFO: Instrumenting numpy._core.getlimits
INFO: Instrumenting numpy._core.memmap
INFO: Instrumenting numpy._core.records
INFO: Instrumenting numpy._core._add_newdocs
INFO: Instrumenting numpy._core._add_newdocs_scalars
INFO: Instrumenting numpy._core._dtype
INFO: Instrumenting numpy._core._dtype_ctypes
INFO: Instrumenting numpy._core._internal
INFO: Instrumenting ctypes
INFO: Instrumenting ctypes._endian
INFO: Instrumenting numpy._pytesttester
INFO: Instrumenting numpy.lib
INFO: Instrumenting numpy.lib._arraypad_impl
INFO: Instrumenting numpy.lib._index_tricks_impl
INFO: Instrumenting numpy.matrixlib
INFO: Instrumenting numpy.matrixlib.defmatrix
INFO: Instrumenting numpy.linalg
INFO: Instrumenting numpy.linalg._linalg
INFO: Instrumenting numpy._typing
INFO: Instrumenting numpy._typing._array_like
INFO: Instrumenting numpy._typing._nbit_base
INFO: Instrumenting numpy._typing._nested_sequence
INFO: Instrumenting numpy._typing._shape
INFO: Instrumenting numpy._typing._char_codes
INFO: Instrumenting numpy._typing._dtype_like
INFO: Instrumenting numpy._typing._nbit
INFO: Instrumenting numpy._typing._scalars
INFO: Instrumenting numpy._typing._ufunc
INFO: Instrumenting numpy.lib._twodim_base_impl
INFO: Instrumenting numpy.lib._stride_tricks_impl
INFO: Instrumenting numpy.lib._array_utils_impl
INFO: Instrumenting numpy.lib.array_utils
INFO: Instrumenting numpy.lib._function_base_impl
INFO: Instrumenting numpy.lib._histograms_impl
INFO: Instrumenting numpy.lib._arraysetops_impl
INFO: Instrumenting numpy.lib._arrayterator_impl
INFO: Instrumenting numpy.lib._nanfunctions_impl
INFO: Instrumenting numpy.lib._npyio_impl
INFO: Instrumenting numpy.lib.format
INFO: Instrumenting numpy.lib._format_impl
INFO: Instrumenting numpy.lib._utils_impl
INFO: Instrumenting numpy.lib._datasource
INFO: Instrumenting numpy.lib._iotools
INFO: Instrumenting numpy.lib._polynomial_impl
INFO: Instrumenting numpy.lib._type_check_impl
INFO: Instrumenting numpy.lib._ufunclike_impl
INFO: Instrumenting numpy.lib._shape_base_impl
INFO: Instrumenting numpy.lib._version
INFO: Instrumenting numpy.lib.introspect
INFO: Instrumenting numpy.lib.mixins
INFO: Instrumenting numpy.lib.npyio
INFO: Instrumenting numpy.lib.scimath
INFO: Instrumenting numpy.lib._scimath_impl
INFO: Instrumenting numpy.lib.stride_tricks
INFO: Instrumenting numpy._array_api_info
INFO: Instrumenting numpy.typing
INFO: Instrumenting numpy._typing._add_docstring
INFO: Instrumenting gguf.quants
INFO: Instrumenting gguf.constants
INFO: Instrumenting gguf.lazy
INFO: Using built-in libfuzzer
WARNING: Failed to find function "__sanitizer_acquire_crash_state".
WARNING: Failed to find function "__sanitizer_print_stack_trace".
WARNING: Failed to find function "__sanitizer_set_death_callback".
INFO: Running with entropic power schedule (0xFF, 100).
INFO: Seed: 4071850141
INFO:        3 files found in /home/kali/director/projects/gguf-fuzzing/corpus_evolved/
INFO: -max_len is not provided; libFuzzer will not generate inputs larger than 4096 bytes
INFO: seed corpus: files: 3 min: 24b max: 185b total: 361b rss: 87Mb
#4	INITED cov: 106 ft: 139 corp: 3/361b exec/s: 0 rss: 87Mb
#6	NEW    cov: 106 ft: 141 corp: 4/478b lim: 185 exec/s: 0 rss: 87Mb L: 117/185 MS: 2 ChangeByte-EraseBytes-
#7	NEW    cov: 107 ft: 151 corp: 5/663b lim: 185 exec/s: 0 rss: 87Mb L: 185/185 MS: 1 ChangeByte-
#8	NEW    cov: 108 ft: 160 corp: 6/681b lim: 185 exec/s: 0 rss: 87Mb L: 18/185 MS: 1 EraseBytes-
#29	NEW    cov: 109 ft: 162 corp: 7/705b lim: 185 exec/s: 0 rss: 87Mb L: 24/185 MS: 1 ChangeBit-
#40	NEW    cov: 110 ft: 163 corp: 8/730b lim: 185 exec/s: 0 rss: 87Mb L: 25/185 MS: 1 InsertByte-
#42	NEW    cov: 111 ft: 169 corp: 9/776b lim: 185 exec/s: 0 rss: 87Mb L: 46/185 MS: 2 ChangeBit-CopyPart-
#44	NEW    cov: 111 ft: 172 corp: 10/958b lim: 185 exec/s: 0 rss: 87Mb L: 182/185 MS: 2 ShuffleBytes-InsertRepeatedBytes-
#60	NEW    cov: 111 ft: 179 corp: 11/1143b lim: 185 exec/s: 0 rss: 87Mb L: 185/185 MS: 1 ChangeByte-
#67	NEW    cov: 112 ft: 180 corp: 12/1263b lim: 185 exec/s: 0 rss: 87Mb L: 120/185 MS: 2 ChangeASCIIInt-EraseBytes-
#76	NEW    cov: 112 ft: 187 corp: 13/1448b lim: 185 exec/s: 0 rss: 87Mb L: 185/185 MS: 4 ShuffleBytes-CrossOver-ChangeBit-CopyPart-
#79	NEW    cov: 112 ft: 190 corp: 14/1469b lim: 185 exec/s: 0 rss: 87Mb L: 21/185 MS: 3 ShuffleBytes-CopyPart-CrossOver-
#95	NEW    cov: 113 ft: 191 corp: 15/1507b lim: 185 exec/s: 0 rss: 87Mb L: 38/185 MS: 1 CopyPart-
#106	NEW    cov: 113 ft: 192 corp: 16/1692b lim: 185 exec/s: 0 rss: 87Mb L: 185/185 MS: 1 ShuffleBytes-
#137	NEW    cov: 114 ft: 193 corp: 17/1716b lim: 185 exec/s: 0 rss: 87Mb L: 24/185 MS: 1 CopyPart-
#158	NEW    cov: 114 ft: 195 corp: 18/1844b lim: 185 exec/s: 0 rss: 87Mb L: 128/185 MS: 1 EraseBytes-
#167	NEW    cov: 115 ft: 198 corp: 19/1996b lim: 185 exec/s: 0 rss: 87Mb L: 152/185 MS: 4 CMP-EraseBytes-ChangeByte-InsertRepeatedBytes- DE: "\001\000"-
#204	REDUCE cov: 115 ft: 198 corp: 19/1981b lim: 185 exec/s: 0 rss: 87Mb L: 105/185 MS: 2 ChangeBit-EraseBytes-
#254	NEW    cov: 116 ft: 199 corp: 20/2007b lim: 185 exec/s: 0 rss: 87Mb L: 26/185 MS: 5 ShuffleBytes-InsertByte-ChangeBit-InsertByte-ShuffleBytes-
#289	REDUCE cov: 116 ft: 199 corp: 20/2001b lim: 185 exec/s: 0 rss: 87Mb L: 18/185 MS: 5 PersAutoDict-ChangeByte-ChangeBinInt-ChangeByte-EraseBytes- DE: "\001\000"-
#315	REDUCE cov: 116 ft: 199 corp: 20/1983b lim: 185 exec/s: 0 rss: 87Mb L: 167/185 MS: 1 EraseBytes-
#316	NEW    cov: 124 ft: 207 corp: 21/2143b lim: 185 exec/s: 0 rss: 87Mb L: 160/185 MS: 1 CMP- DE: "\377\377\377\377\377\377\377\270"-
#438	REDUCE cov: 124 ft: 207 corp: 21/2131b lim: 185 exec/s: 0 rss: 87Mb L: 105/185 MS: 2 InsertRepeatedBytes-EraseBytes-
#465	REDUCE cov: 124 ft: 207 corp: 21/2079b lim: 185 exec/s: 0 rss: 87Mb L: 133/185 MS: 2 ShuffleBytes-EraseBytes-
#526	NEW    cov: 125 ft: 208 corp: 22/2232b lim: 185 exec/s: 0 rss: 87Mb L: 153/185 MS: 1 InsertByte-
#697	NEW    cov: 126 ft: 209 corp: 23/2338b lim: 185 exec/s: 0 rss: 87Mb L: 106/185 MS: 1 EraseBytes-
#754	REDUCE cov: 126 ft: 209 corp: 23/2329b lim: 185 exec/s: 0 rss: 87Mb L: 96/185 MS: 2 ChangeBinInt-EraseBytes-
#816	REDUCE cov: 126 ft: 209 corp: 23/2314b lim: 185 exec/s: 0 rss: 87Mb L: 137/185 MS: 2 PersAutoDict-EraseBytes- DE: "\377\377\377\377\377\377\377\270"-
#820	REDUCE cov: 126 ft: 209 corp: 23/2308b lim: 185 exec/s: 0 rss: 87Mb L: 154/185 MS: 4 ChangeASCIIInt-InsertByte-CopyPart-EraseBytes-
#831	REDUCE cov: 126 ft: 209 corp: 23/2293b lim: 185 exec/s: 0 rss: 87Mb L: 170/185 MS: 1 EraseBytes-
#859	REDUCE cov: 126 ft: 209 corp: 23/2235b lim: 185 exec/s: 0 rss: 87Mb L: 124/185 MS: 3 CopyPart-ChangeByte-EraseBytes-
#896	REDUCE cov: 127 ft: 210 corp: 24/2389b lim: 185 exec/s: 0 rss: 87Mb L: 154/185 MS: 2 ShuffleBytes-ShuffleBytes-
#930	REDUCE cov: 127 ft: 210 corp: 24/2387b lim: 185 exec/s: 0 rss: 87Mb L: 16/185 MS: 4 ChangeBit-InsertByte-InsertByte-EraseBytes-
#981	REDUCE cov: 127 ft: 210 corp: 24/2382b lim: 185 exec/s: 0 rss: 87Mb L: 11/185 MS: 1 EraseBytes-
#1127	NEW    cov: 127 ft: 211 corp: 25/2535b lim: 185 exec/s: 0 rss: 87Mb L: 153/185 MS: 1 CrossOver-
#1157	REDUCE cov: 127 ft: 211 corp: 25/2529b lim: 185 exec/s: 0 rss: 87Mb L: 12/185 MS: 5 ChangeBit-ChangeBit-ChangeBinInt-ChangeBinInt-EraseBytes-
#1158	REDUCE cov: 127 ft: 211 corp: 25/2498b lim: 185 exec/s: 0 rss: 87Mb L: 93/185 MS: 1 EraseBytes-
#1160	REDUCE cov: 127 ft: 211 corp: 25/2497b lim: 185 exec/s: 0 rss: 87Mb L: 45/185 MS: 2 ChangeBinInt-EraseBytes-
#1241	REDUCE cov: 127 ft: 211 corp: 25/2482b lim: 185 exec/s: 0 rss: 87Mb L: 30/185 MS: 1 EraseBytes-
#1304	REDUCE cov: 127 ft: 211 corp: 25/2432b lim: 185 exec/s: 0 rss: 87Mb L: 103/185 MS: 3 ShuffleBytes-ChangeByte-EraseBytes-
#1306	NEW    cov: 127 ft: 213 corp: 26/2613b lim: 185 exec/s: 0 rss: 87Mb L: 181/185 MS: 2 PersAutoDict-CrossOver- DE: "\377\377\377\377\377\377\377\270"-
#1332	REDUCE cov: 127 ft: 213 corp: 26/2568b lim: 185 exec/s: 0 rss: 87Mb L: 108/185 MS: 1 EraseBytes-
#1343	REDUCE cov: 127 ft: 213 corp: 26/2566b lim: 185 exec/s: 0 rss: 87Mb L: 10/185 MS: 1 EraseBytes-
#1413	REDUCE cov: 127 ft: 213 corp: 26/2555b lim: 185 exec/s: 0 rss: 87Mb L: 19/185 MS: 5 ChangeBit-CrossOver-ChangeByte-PersAutoDict-EraseBytes- DE: "\001\000"-
#1446	REDUCE cov: 127 ft: 213 corp: 26/2455b lim: 185 exec/s: 0 rss: 87Mb L: 81/185 MS: 3 ChangeBit-CopyPart-CrossOver-
#1448	REDUCE cov: 127 ft: 213 corp: 26/2454b lim: 185 exec/s: 0 rss: 87Mb L: 153/185 MS: 2 CrossOver-EraseBytes-
#1454	NEW    cov: 128 ft: 214 corp: 27/2639b lim: 185 exec/s: 0 rss: 87Mb L: 185/185 MS: 1 CopyPart-
#1535	REDUCE cov: 128 ft: 215 corp: 28/2646b lim: 185 exec/s: 0 rss: 87Mb L: 7/185 MS: 1 EraseBytes-
#1548	REDUCE cov: 128 ft: 215 corp: 28/2631b lim: 185 exec/s: 0 rss: 87Mb L: 118/185 MS: 3 CopyPart-InsertByte-EraseBytes-
#1678	REDUCE cov: 128 ft: 216 corp: 29/2795b lim: 185 exec/s: 0 rss: 87Mb L: 164/185 MS: 5 ShuffleBytes-ChangeBit-EraseBytes-CrossOver-InsertRepeatedBytes-
#1844	REDUCE cov: 128 ft: 216 corp: 29/2792b lim: 185 exec/s: 0 rss: 87Mb L: 16/185 MS: 1 EraseBytes-
#1853	NEW    cov: 128 ft: 223 corp: 30/2795b lim: 185 exec/s: 0 rss: 87Mb L: 3/185 MS: 4 EraseBytes-CrossOver-ChangeBit-EraseBytes-
#1895	REDUCE cov: 128 ft: 223 corp: 30/2752b lim: 185 exec/s: 0 rss: 87Mb L: 75/185 MS: 2 ChangeByte-EraseBytes-
#1986	REDUCE cov: 129 ft: 224 corp: 31/2933b lim: 185 exec/s: 0 rss: 87Mb L: 181/185 MS: 1 InsertRepeatedBytes-
#2072	REDUCE cov: 129 ft: 224 corp: 31/2877b lim: 185 exec/s: 0 rss: 87Mb L: 108/185 MS: 1 EraseBytes-
#2075	REDUCE cov: 129 ft: 224 corp: 31/2863b lim: 185 exec/s: 0 rss: 87Mb L: 94/185 MS: 3 InsertByte-CopyPart-EraseBytes-
#2191	REDUCE cov: 129 ft: 224 corp: 31/2862b lim: 185 exec/s: 0 rss: 87Mb L: 2/185 MS: 1 EraseBytes-
#2198	REDUCE cov: 129 ft: 226 corp: 32/2956b lim: 185 exec/s: 0 rss: 87Mb L: 94/185 MS: 2 CopyPart-ChangeByte-
#2254	REDUCE cov: 129 ft: 226 corp: 32/2945b lim: 185 exec/s: 0 rss: 87Mb L: 27/185 MS: 1 EraseBytes-
#2567	REDUCE cov: 129 ft: 226 corp: 32/2942b lim: 185 exec/s: 0 rss: 87Mb L: 7/185 MS: 3 ChangeBinInt-ChangeBinInt-EraseBytes-
#2614	REDUCE cov: 129 ft: 226 corp: 32/2933b lim: 185 exec/s: 0 rss: 87Mb L: 17/185 MS: 2 ShuffleBytes-EraseBytes-
#2646	REDUCE cov: 129 ft: 226 corp: 32/2930b lim: 185 exec/s: 0 rss: 87Mb L: 4/185 MS: 2 ChangeByte-EraseBytes-
#2932	REDUCE cov: 129 ft: 226 corp: 32/2917b lim: 185 exec/s: 0 rss: 87Mb L: 93/185 MS: 1 EraseBytes-
#3053	REDUCE cov: 129 ft: 226 corp: 32/2905b lim: 185 exec/s: 0 rss: 87Mb L: 82/185 MS: 1 EraseBytes-
#3249	NEW    cov: 129 ft: 230 corp: 33/3087b lim: 185 exec/s: 0 rss: 87Mb L: 182/185 MS: 1 InsertRepeatedBytes-
#3382	REDUCE cov: 129 ft: 230 corp: 33/3085b lim: 185 exec/s: 0 rss: 87Mb L: 15/185 MS: 3 CopyPart-PersAutoDict-EraseBytes- DE: "\001\000"-
#3468	REDUCE cov: 129 ft: 230 corp: 33/3060b lim: 185 exec/s: 0 rss: 87Mb L: 112/185 MS: 1 EraseBytes-
#3550	REDUCE cov: 129 ft: 230 corp: 33/3008b lim: 185 exec/s: 0 rss: 87Mb L: 41/185 MS: 2 CrossOver-CrossOver-
#3597	REDUCE cov: 129 ft: 230 corp: 33/3007b lim: 185 exec/s: 0 rss: 87Mb L: 1/185 MS: 2 ShuffleBytes-EraseBytes-
#3680	NEW    cov: 129 ft: 234 corp: 34/3189b lim: 185 exec/s: 0 rss: 87Mb L: 182/185 MS: 3 ChangeBit-CopyPart-ChangeBit-
#3751	REDUCE cov: 129 ft: 234 corp: 34/3168b lim: 185 exec/s: 0 rss: 87Mb L: 84/185 MS: 1 EraseBytes-
#3764	REDUCE cov: 129 ft: 234 corp: 34/3135b lim: 185 exec/s: 0 rss: 87Mb L: 149/185 MS: 3 InsertByte-ShuffleBytes-EraseBytes-
#3800	REDUCE cov: 129 ft: 234 corp: 34/3127b lim: 185 exec/s: 0 rss: 87Mb L: 13/185 MS: 1 EraseBytes-
#4077	REDUCE cov: 129 ft: 234 corp: 34/3044b lim: 185 exec/s: 0 rss: 87Mb L: 98/185 MS: 2 InsertByte-EraseBytes-
#4198	REDUCE cov: 129 ft: 234 corp: 34/3008b lim: 185 exec/s: 0 rss: 87Mb L: 149/185 MS: 1 EraseBytes-
#4205	REDUCE cov: 129 ft: 234 corp: 34/3000b lim: 185 exec/s: 0 rss: 87Mb L: 67/185 MS: 2 ChangeByte-EraseBytes-
#4681	REDUCE cov: 129 ft: 234 corp: 34/2996b lim: 185 exec/s: 0 rss: 87Mb L: 89/185 MS: 1 EraseBytes-
#4713	REDUCE cov: 129 ft: 234 corp: 34/2994b lim: 185 exec/s: 0 rss: 87Mb L: 11/185 MS: 2 ChangeByte-EraseBytes-
#4754	REDUCE cov: 129 ft: 234 corp: 34/2993b lim: 185 exec/s: 0 rss: 87Mb L: 151/185 MS: 1 EraseBytes-
#4795	REDUCE cov: 129 ft: 234 corp: 34/2991b lim: 185 exec/s: 0 rss: 87Mb L: 110/185 MS: 1 EraseBytes-
#4956	REDUCE cov: 129 ft: 234 corp: 34/2988b lim: 185 exec/s: 0 rss: 87Mb L: 13/185 MS: 1 EraseBytes-
#5007	REDUCE cov: 129 ft: 234 corp: 34/2951b lim: 185 exec/s: 0 rss: 87Mb L: 71/185 MS: 1 EraseBytes-
#5039	REDUCE cov: 129 ft: 234 corp: 34/2949b lim: 185 exec/s: 0 rss: 87Mb L: 13/185 MS: 2 InsertByte-EraseBytes-
#5092	REDUCE cov: 129 ft: 234 corp: 34/2948b lim: 185 exec/s: 0 rss: 87Mb L: 66/185 MS: 3 ChangeBit-ShuffleBytes-EraseBytes-
#5613	REDUCE cov: 129 ft: 234 corp: 34/2933b lim: 185 exec/s: 0 rss: 87Mb L: 167/185 MS: 1 EraseBytes-
#5664	REDUCE cov: 129 ft: 234 corp: 34/2932b lim: 185 exec/s: 0 rss: 87Mb L: 6/185 MS: 1 EraseBytes-
#5796	REDUCE cov: 129 ft: 234 corp: 34/2915b lim: 185 exec/s: 0 rss: 87Mb L: 49/185 MS: 2 CopyPart-CrossOver-
#5917	REDUCE cov: 129 ft: 234 corp: 34/2911b lim: 185 exec/s: 0 rss: 87Mb L: 9/185 MS: 1 EraseBytes-
#6083	REDUCE cov: 129 ft: 234 corp: 34/2910b lim: 185 exec/s: 0 rss: 87Mb L: 24/185 MS: 1 EraseBytes-
#6158	REDUCE cov: 129 ft: 234 corp: 34/2905b lim: 185 exec/s: 0 rss: 87Mb L: 79/185 MS: 5 EraseBytes-InsertByte-CopyPart-InsertByte-EraseBytes-
#6234	REDUCE cov: 129 ft: 234 corp: 34/2903b lim: 185 exec/s: 0 rss: 87Mb L: 39/185 MS: 1 EraseBytes-
#6495	REDUCE cov: 129 ft: 234 corp: 34/2876b lim: 185 exec/s: 0 rss: 87Mb L: 54/185 MS: 1 EraseBytes-
#6516	REDUCE cov: 129 ft: 238 corp: 35/3055b lim: 185 exec/s: 0 rss: 87Mb L: 179/185 MS: 1 InsertRepeatedBytes-
#6574	NEW    cov: 129 ft: 239 corp: 36/3235b lim: 185 exec/s: 0 rss: 87Mb L: 180/185 MS: 3 ShuffleBytes-CrossOver-InsertByte-
#7610	REDUCE cov: 129 ft: 239 corp: 36/3195b lim: 192 exec/s: 0 rss: 87Mb L: 114/185 MS: 1 EraseBytes-
#7961	REDUCE cov: 130 ft: 240 corp: 37/3309b lim: 192 exec/s: 0 rss: 87Mb L: 114/185 MS: 1 CopyPart-
#8332	NEW    cov: 130 ft: 242 corp: 38/3494b lim: 192 exec/s: 0 rss: 87Mb L: 185/185 MS: 1 ChangeBit-
#8360	REDUCE cov: 130 ft: 242 corp: 38/3491b lim: 192 exec/s: 0 rss: 87Mb L: 24/185 MS: 3 CrossOver-ChangeBinInt-EraseBytes-
#8606	REDUCE cov: 130 ft: 242 corp: 38/3485b lim: 192 exec/s: 0 rss: 87Mb L: 83/185 MS: 1 EraseBytes-
#8677	REDUCE cov: 130 ft: 242 corp: 38/3482b lim: 192 exec/s: 0 rss: 87Mb L: 46/185 MS: 1 EraseBytes-
#8858	REDUCE cov: 130 ft: 242 corp: 38/3465b lim: 192 exec/s: 0 rss: 87Mb L: 150/185 MS: 1 EraseBytes-
#8909	REDUCE cov: 130 ft: 242 corp: 38/3448b lim: 192 exec/s: 0 rss: 87Mb L: 93/185 MS: 1 EraseBytes-
#9075	REDUCE cov: 130 ft: 242 corp: 38/3423b lim: 192 exec/s: 0 rss: 87Mb L: 54/185 MS: 1 EraseBytes-
#9381	REDUCE cov: 130 ft: 242 corp: 38/3419b lim: 192 exec/s: 0 rss: 87Mb L: 146/185 MS: 1 EraseBytes-
#9627	REDUCE cov: 130 ft: 242 corp: 38/3411b lim: 192 exec/s: 0 rss: 87Mb L: 141/185 MS: 1 CrossOver-
#9969	REDUCE cov: 130 ft: 242 corp: 38/3403b lim: 192 exec/s: 0 rss: 87Mb L: 145/185 MS: 2 PersAutoDict-EraseBytes- DE: "\377\377\377\377\377\377\377\270"-
#10250	REDUCE cov: 130 ft: 242 corp: 38/3400b lim: 192 exec/s: 0 rss: 87Mb L: 95/185 MS: 1 EraseBytes-
#10441	REDUCE cov: 130 ft: 242 corp: 38/3396b lim: 192 exec/s: 0 rss: 87Mb L: 35/185 MS: 1 EraseBytes-
#10847	REDUCE cov: 130 ft: 242 corp: 38/3394b lim: 192 exec/s: 0 rss: 87Mb L: 69/185 MS: 1 EraseBytes-
#10893	REDUCE cov: 130 ft: 242 corp: 38/3393b lim: 192 exec/s: 0 rss: 87Mb L: 10/185 MS: 1 EraseBytes-
#10920	REDUCE cov: 130 ft: 242 corp: 38/3391b lim: 192 exec/s: 0 rss: 87Mb L: 33/185 MS: 2 InsertByte-EraseBytes-
#10999	REDUCE cov: 130 ft: 242 corp: 38/3380b lim: 192 exec/s: 0 rss: 87Mb L: 43/185 MS: 4 CopyPart-ChangeBit-InsertByte-EraseBytes-
ALARM: working on the last Unit for 8 seconds
       and the timeout value is 5 (use -timeout=N to change)
MS: 3 ChangeBinInt-ChangeBit-InsertByte-; base unit: ff145ff897a3802eec5209add8c2d7c942052c4c
0x47,0x47,0x55,0x46,0x3,0x0,0x0,0x0,0x20,0x0,0x0,0x0,0x0,0x0,0x0,0x0,0x4,0x0,0x0,0x0,0x0,0x0,0x0,0x0,0x11,0x0,0x0,0x0,0x0,0x0,0x0,0x0,0x67,0x65,0x6e,0x65,0x72,0x61,0x6c,0x2e,0x66,0x69,0x6c,0x65,0x5f,0x74,0x79,0x70,0x65,0x4,0x0,0x0,0x0,0x1,0x0,0x0,0x0,0x12,0x0,0x0,0x0,0x0,0x0,0x0,0x0,0x67,0x65,0x6e,0x65,0x72,0x61,0x6c,0x2e,0x73,0x6f,0x6d,0x65,0x5f,0x66,0x6c,0x6f,0x61,0x74,0x6,0x0,0x0,0x0,0x0,0x0,0x50,0x40,0xc,0x0,0x0,0x0,0x0,0x0,0x0,0x0,0x67,0x65,0x6e,0x65,0x72,0x61,0x6c,0x2e,0x6e,0x61,0x6d,0x65,0x8,0x0,0x0,0x0,0x11,0x0,0x0,0x0,0x0,0x0,0x0,0x0,0x63,0x6f,0x72,0x70,0x75,0x73,0x2d,0x73,0x65,0x65,0x64,0x2d,0x6d,0x6f,0x64,0x65,0x76,0x12,0x0,0x0,0x0,0x0,0x0,0x0,0x0,0x67,0x65,0x6e,0x65,0x72,0x61,0x6c,0x2e,0x73,0x6f,0x6d,0x65,0x5f,0x61,0x72,0x72,0x61,0x79,0x9,0x0,0x0,0x0,0x0,0x0,0x0,0x0,0x3,0x0,0xcd,0x0,0x0,0x0,0x0,0x0,0x0,0x1,0x2,0x3,
GGUF\003\000\000\000 \000\000\000\000\000\000\000\004\000\000\000\000\000\000\000\021\000\000\000\000\000\000\000general.file_type\004\000\000\000\001\000\000\000\022\000\000\000\000\000\000\000general.some_float\006\000\000\000\000\000P@\014\000\000\000\000\000\000\000general.name\010\000\000\000\021\000\000\000\000\000\000\000corpus-seed-modev\022\000\000\000\000\000\000\000general.some_array\011\000\000\000\000\000\000\000\003\000\315\000\000\000\000\000\000\001\002\003
artifact_prefix='/home/kali/director/projects/gguf-fuzzing/artifacts/'; Test unit written to /home/kali/director/projects/gguf-fuzzing/artifacts/timeout-55f2e178d9e357aff401790ea4be458bdbd5aea8
Base64: R0dVRgMAAAAgAAAAAAAAAAQAAAAAAAAAEQAAAAAAAABnZW5lcmFsLmZpbGVfdHlwZQQAAAABAAAAEgAAAAAAAABnZW5lcmFsLnNvbWVfZmxvYXQGAAAAAABQQAwAAAAAAAAAZ2VuZXJhbC5uYW1lCAAAABEAAAAAAAAAY29ycHVzLXNlZWQtbW9kZXYSAAAAAAAAAGdlbmVyYWwuc29tZV9hcnJheQkAAAAAAAAAAwDNAAAAAAAAAQID
==2267610== ERROR: libFuzzer: timeout after 8 seconds
SUMMARY: libFuzzer: timeout
