INFO: Instrumenting gguf
INFO: Instrumenting gguf.gguf_reader
INFO: Instrumenting numpy
INFO: Instrumenting numpy.version
INFO: Instrumenting numpy._expired_attrs_2_0
INFO: Instrumenting numpy._globals
INFO: Instrumenting numpy._utils
INFO: Instrumenting numpy._utils._conversions
INFO: Instrumenting numpy._distributor_init
INFO: Instrumenting numpy.__config__
INFO: Instrumenting numpy._core
INFO: Instrumenting numpy._core.multiarray
INFO: Instrumenting numpy.exceptions
INFO: Instrumenting numpy._core._exceptions
INFO: Instrumenting numpy._core.printoptions
INFO: Instrumenting contextvars
INFO: Instrumenting numpy.dtypes
INFO: Instrumenting numpy._core.overrides
INFO: Instrumenting numpy._utils._inspect
INFO: Instrumenting numpy._core.umath
INFO: Instrumenting numpy._core.numerictypes
INFO: Instrumenting numbers
INFO: Instrumenting numpy._core._string_helpers
INFO: Instrumenting numpy._core._type_aliases
INFO: Instrumenting numpy._core.einsumfunc
INFO: Instrumenting numpy._core.numeric
INFO: Instrumenting numpy._core.shape_base
INFO: Instrumenting numpy._core.fromnumeric
INFO: Instrumenting numpy._core._methods
INFO: Instrumenting numpy._core._ufunc_config
INFO: Instrumenting numpy._core._asarray
INFO: Instrumenting numpy._core.arrayprint
INFO: Instrumenting numpy._core.function_base
INFO: Instrumenting numpy._core.getlimits
INFO: Instrumenting numpy._core.memmap
INFO: Instrumenting numpy._core.records
INFO: Instrumenting numpy._core._add_newdocs
INFO: Instrumenting numpy._core._add_newdocs_scalars
INFO: Instrumenting numpy._core._dtype
INFO: Instrumenting numpy._core._dtype_ctypes
INFO: Instrumenting numpy._core._internal
INFO: Instrumenting ctypes
INFO: Instrumenting ctypes._endian
INFO: Instrumenting numpy._pytesttester
INFO: Instrumenting numpy.lib
INFO: Instrumenting numpy.lib._arraypad_impl
INFO: Instrumenting numpy.lib._index_tricks_impl
INFO: Instrumenting numpy.matrixlib
INFO: Instrumenting numpy.matrixlib.defmatrix
INFO: Instrumenting numpy.linalg
INFO: Instrumenting numpy.linalg._linalg
INFO: Instrumenting numpy._typing
INFO: Instrumenting numpy._typing._array_like
INFO: Instrumenting numpy._typing._nbit_base
INFO: Instrumenting numpy._typing._nested_sequence
INFO: Instrumenting numpy._typing._shape
INFO: Instrumenting numpy._typing._char_codes
INFO: Instrumenting numpy._typing._dtype_like
INFO: Instrumenting numpy._typing._nbit
INFO: Instrumenting numpy._typing._scalars
INFO: Instrumenting numpy._typing._ufunc
INFO: Instrumenting numpy.lib._twodim_base_impl
INFO: Instrumenting numpy.lib._stride_tricks_impl
INFO: Instrumenting numpy.lib._array_utils_impl
INFO: Instrumenting numpy.lib.array_utils
INFO: Instrumenting numpy.lib._function_base_impl
INFO: Instrumenting numpy.lib._histograms_impl
INFO: Instrumenting numpy.lib._arraysetops_impl
INFO: Instrumenting numpy.lib._arrayterator_impl
INFO: Instrumenting numpy.lib._nanfunctions_impl
INFO: Instrumenting numpy.lib._npyio_impl
INFO: Instrumenting numpy.lib.format
INFO: Instrumenting numpy.lib._format_impl
INFO: Instrumenting numpy.lib._utils_impl
INFO: Instrumenting numpy.lib._datasource
INFO: Instrumenting numpy.lib._iotools
INFO: Instrumenting numpy.lib._polynomial_impl
INFO: Instrumenting numpy.lib._type_check_impl
INFO: Instrumenting numpy.lib._ufunclike_impl
INFO: Instrumenting numpy.lib._shape_base_impl
INFO: Instrumenting numpy.lib._version
INFO: Instrumenting numpy.lib.introspect
INFO: Instrumenting numpy.lib.mixins
INFO: Instrumenting numpy.lib.npyio
INFO: Instrumenting numpy.lib.scimath
INFO: Instrumenting numpy.lib._scimath_impl
INFO: Instrumenting numpy.lib.stride_tricks
INFO: Instrumenting numpy._array_api_info
INFO: Instrumenting numpy.typing
INFO: Instrumenting numpy._typing._add_docstring
INFO: Instrumenting gguf.quants
INFO: Instrumenting gguf.constants
INFO: Instrumenting gguf.lazy
INFO: Using built-in libfuzzer
WARNING: Failed to find function "__sanitizer_acquire_crash_state".
WARNING: Failed to find function "__sanitizer_print_stack_trace".
WARNING: Failed to find function "__sanitizer_set_death_callback".
INFO: Running with entropic power schedule (0xFF, 100).
INFO: Seed: 2329346405
INFO:       94 files found in /home/kali/director/projects/gguf-fuzzing/corpus_evolved/
INFO: -max_len is not provided; libFuzzer will not generate inputs larger than 4096 bytes
INFO: seed corpus: files: 94 min: 1b max: 245b total: 10032b rss: 86Mb
#95	INITED cov: 130 ft: 284 corp: 45/4666b exec/s: 0 rss: 134Mb
#596	REDUCE cov: 130 ft: 284 corp: 45/4663b lim: 216 exec/s: 298 rss: 135Mb L: 88/216 MS: 1 EraseBytes-
#1024	pulse  cov: 130 ft: 284 corp: 45/4663b lim: 216 exec/s: 512 rss: 135Mb
#1138	REDUCE cov: 130 ft: 284 corp: 45/4662b lim: 216 exec/s: 569 rss: 135Mb L: 92/216 MS: 2 ChangeBit-EraseBytes-
#1819	REDUCE cov: 130 ft: 284 corp: 45/4659b lim: 216 exec/s: 909 rss: 135Mb L: 110/216 MS: 1 EraseBytes-
#2048	pulse  cov: 130 ft: 284 corp: 45/4659b lim: 216 exec/s: 1024 rss: 135Mb
#2635	REDUCE cov: 130 ft: 284 corp: 45/4657b lim: 223 exec/s: 878 rss: 135Mb L: 110/216 MS: 1 EraseBytes-
#3191	REDUCE cov: 130 ft: 284 corp: 45/4648b lim: 223 exec/s: 797 rss: 135Mb L: 105/216 MS: 1 EraseBytes-
ALARM: working on the last Unit for 6 seconds
       and the timeout value is 5 (use -timeout=N to change)
MS: 1 InsertByte-; base unit: 204fd58bd880aa401a305ec135467faee4d7884f
0x47,0x47,0x55,0x46,0x3,0x0,0x0,0x0,0x0,0x0,0x0,0x0,0x0,0x0,0x0,0x0,0x4,0x0,0x0,0x0,0x0,0x0,0x0,0x0,0x11,0x0,0x0,0x0,0x0,0x0,0x0,0x0,0x67,0x65,0x6e,0x65,0x72,0x61,0x6c,0x2e,0x66,0x69,0x6c,0x65,0x5f,0x74,0x79,0x70,0x65,0x4,0x0,0x0,0x0,0x1,0x0,0x0,0x0,0x12,0x0,0x0,0x0,0x0,0x0,0x0,0x0,0x67,0x65,0x6e,0x65,0x72,0x61,0x6c,0x2e,0x73,0x6f,0x6d,0x65,0x5f,0x66,0x6c,0x6f,0x61,0x74,0x6,0x0,0x0,0x0,0x0,0x0,0x50,0x40,0xc,0x0,0x0,0x0,0x0,0x0,0x0,0x0,0x67,0x65,0x6e,0x65,0x72,0x61,0x6c,0x2e,0x6e,0x61,0x6d,0x65,0x8,0x0,0x0,0x0,0x11,0x0,0x0,0x0,0x0,0x0,0x0,0x0,0x63,0x6f,0x72,0x70,0x75,0x73,0x2d,0x73,0x65,0x65,0x64,0x2d,0x6d,0x6f,0x64,0x65,0x6c,0x12,0x0,0x0,0x0,0x0,0x0,0x0,0x0,0x67,0x65,0x6e,0x65,0x72,0x61,0x6c,0x2e,0x73,0x6f,0x6d,0x65,0x5f,0x61,0x72,0x72,0x61,0x79,0x9,0x0,0x0,0x0,0x0,0x0,0x0,0x0,0x0,0x11,0x0,0x29,0x0,0x0,0x0,0x0,0x0,0x0,0x0,0x0,0x0,0x0,0x0,0x0,0x0,0x0,0x0,0x0,0x0,0x3e,0x3e,0x0,0x0,0x0,0x2,0x3,
GGUF\003\000\000\000\000\000\000\000\000\000\000\000\004\000\000\000\000\000\000\000\021\000\000\000\000\000\000\000general.file_type\004\000\000\000\001\000\000\000\022\000\000\000\000\000\000\000general.some_float\006\000\000\000\000\000P@\014\000\000\000\000\000\000\000general.name\010\000\000\000\021\000\000\000\000\000\000\000corpus-seed-model\022\000\000\000\000\000\000\000general.some_array\011\000\000\000\000\000\000\000\000\021\000)\000\000\000\000\000\000\000\000\000\000\000\000\000\000\000\000\000>>\000\000\000\002\003
artifact_prefix='/home/kali/director/projects/gguf-fuzzing/artifacts/'; Test unit written to /home/kali/director/projects/gguf-fuzzing/artifacts/timeout-bff5ff6377f75c16d2e8468149a9369e51f0cf54
Base64: R0dVRgMAAAAAAAAAAAAAAAQAAAAAAAAAEQAAAAAAAABnZW5lcmFsLmZpbGVfdHlwZQQAAAABAAAAEgAAAAAAAABnZW5lcmFsLnNvbWVfZmxvYXQGAAAAAABQQAwAAAAAAAAAZ2VuZXJhbC5uYW1lCAAAABEAAAAAAAAAY29ycHVzLXNlZWQtbW9kZWwSAAAAAAAAAGdlbmVyYWwuc29tZV9hcnJheQkAAAAAAAAAABEAKQAAAAAAAAAAAAAAAAAAAAAAPj4AAAACAw==
==2268646== ERROR: libFuzzer: timeout after 6 seconds
SUMMARY: libFuzzer: timeout
