INFO: Instrumenting gguf
INFO: Instrumenting gguf.gguf_reader
INFO: Instrumenting numpy
INFO: Instrumenting numpy.version
INFO: Instrumenting numpy._expired_attrs_2_0
INFO: Instrumenting numpy._globals
INFO: Instrumenting numpy._utils
INFO: Instrumenting numpy._utils._conversions
INFO: Instrumenting numpy._distributor_init
INFO: Instrumenting numpy.__config__
INFO: Instrumenting numpy._core
INFO: Instrumenting numpy._core.multiarray
INFO: Instrumenting numpy.exceptions
INFO: Instrumenting numpy._core._exceptions
INFO: Instrumenting numpy._core.printoptions
INFO: Instrumenting contextvars
INFO: Instrumenting numpy.dtypes
INFO: Instrumenting numpy._core.overrides
INFO: Instrumenting numpy._utils._inspect
INFO: Instrumenting numpy._core.umath
INFO: Instrumenting numpy._core.numerictypes
INFO: Instrumenting numbers
INFO: Instrumenting numpy._core._string_helpers
INFO: Instrumenting numpy._core._type_aliases
INFO: Instrumenting numpy._core.einsumfunc
INFO: Instrumenting numpy._core.numeric
INFO: Instrumenting numpy._core.shape_base
INFO: Instrumenting numpy._core.fromnumeric
INFO: Instrumenting numpy._core._methods
INFO: Instrumenting numpy._core._ufunc_config
INFO: Instrumenting numpy._core._asarray
INFO: Instrumenting numpy._core.arrayprint
INFO: Instrumenting numpy._core.function_base
INFO: Instrumenting numpy._core.getlimits
INFO: Instrumenting numpy._core.memmap
INFO: Instrumenting numpy._core.records
INFO: Instrumenting numpy._core._add_newdocs
INFO: Instrumenting numpy._core._add_newdocs_scalars
INFO: Instrumenting numpy._core._dtype
INFO: Instrumenting numpy._core._dtype_ctypes
INFO: Instrumenting numpy._core._internal
INFO: Instrumenting ctypes
INFO: Instrumenting ctypes._endian
INFO: Instrumenting numpy._pytesttester
INFO: Instrumenting numpy.lib
INFO: Instrumenting numpy.lib._arraypad_impl
INFO: Instrumenting numpy.lib._index_tricks_impl
INFO: Instrumenting numpy.matrixlib
INFO: Instrumenting numpy.matrixlib.defmatrix
INFO: Instrumenting numpy.linalg
INFO: Instrumenting numpy.linalg._linalg
INFO: Instrumenting numpy._typing
INFO: Instrumenting numpy._typing._array_like
INFO: Instrumenting numpy._typing._nbit_base
INFO: Instrumenting numpy._typing._nested_sequence
INFO: Instrumenting numpy._typing._shape
INFO: Instrumenting numpy._typing._char_codes
INFO: Instrumenting numpy._typing._dtype_like
INFO: Instrumenting numpy._typing._nbit
INFO: Instrumenting numpy._typing._scalars
INFO: Instrumenting numpy._typing._ufunc
INFO: Instrumenting numpy.lib._twodim_base_impl
INFO: Instrumenting numpy.lib._stride_tricks_impl
INFO: Instrumenting numpy.lib._array_utils_impl
INFO: Instrumenting numpy.lib.array_utils
INFO: Instrumenting numpy.lib._function_base_impl
INFO: Instrumenting numpy.lib._histograms_impl
INFO: Instrumenting numpy.lib._arraysetops_impl
INFO: Instrumenting numpy.lib._arrayterator_impl
INFO: Instrumenting numpy.lib._nanfunctions_impl
INFO: Instrumenting numpy.lib._npyio_impl
INFO: Instrumenting numpy.lib.format
INFO: Instrumenting numpy.lib._format_impl
INFO: Instrumenting numpy.lib._utils_impl
INFO: Instrumenting numpy.lib._datasource
INFO: Instrumenting numpy.lib._iotools
INFO: Instrumenting numpy.lib._polynomial_impl
INFO: Instrumenting numpy.lib._type_check_impl
INFO: Instrumenting numpy.lib._ufunclike_impl
INFO: Instrumenting numpy.lib._shape_base_impl
INFO: Instrumenting numpy.lib._version
INFO: Instrumenting numpy.lib.introspect
INFO: Instrumenting numpy.lib.mixins
INFO: Instrumenting numpy.lib.npyio
INFO: Instrumenting numpy.lib.scimath
INFO: Instrumenting numpy.lib._scimath_impl
INFO: Instrumenting numpy.lib.stride_tricks
INFO: Instrumenting numpy._array_api_info
INFO: Instrumenting numpy.typing
INFO: Instrumenting numpy._typing._add_docstring
INFO: Instrumenting gguf.quants
INFO: Instrumenting gguf.constants
INFO: Instrumenting gguf.lazy
INFO: Using built-in libfuzzer
WARNING: Failed to find function "__sanitizer_acquire_crash_state".
WARNING: Failed to find function "__sanitizer_print_stack_trace".
WARNING: Failed to find function "__sanitizer_set_death_callback".
INFO: Running with entropic power schedule (0xFF, 100).
INFO: Seed: 42
INFO:        3 files found in /tmp/clean_corpus/
INFO: -max_len is not provided; libFuzzer will not generate inputs larger than 4096 bytes
INFO: seed corpus: files: 3 min: 24b max: 185b total: 361b rss: 85Mb
#4	INITED cov: 106 ft: 139 corp: 3/361b exec/s: 0 rss: 85Mb
#5	NEW    cov: 107 ft: 145 corp: 4/386b lim: 185 exec/s: 0 rss: 85Mb L: 25/185 MS: 1 InsertByte-
#6	NEW    cov: 108 ft: 146 corp: 5/538b lim: 185 exec/s: 0 rss: 85Mb L: 152/185 MS: 1 CMP- DE: "\377\377\377\377"-
#7	NEW    cov: 109 ft: 147 corp: 6/690b lim: 185 exec/s: 0 rss: 85Mb L: 152/185 MS: 1 ChangeBinInt-
#8	NEW    cov: 110 ft: 156 corp: 7/714b lim: 185 exec/s: 0 rss: 85Mb L: 24/185 MS: 1 ChangeBit-
#11	NEW    cov: 110 ft: 159 corp: 8/731b lim: 185 exec/s: 0 rss: 85Mb L: 17/185 MS: 3 InsertByte-ShuffleBytes-CrossOver-
#16	REDUCE cov: 110 ft: 159 corp: 8/714b lim: 185 exec/s: 0 rss: 85Mb L: 135/185 MS: 5 ShuffleBytes-ChangeASCIIInt-InsertByte-InsertByte-EraseBytes-
#17	NEW    cov: 111 ft: 170 corp: 9/874b lim: 185 exec/s: 0 rss: 85Mb L: 160/185 MS: 1 EraseBytes-
#23	NEW    cov: 112 ft: 175 corp: 10/1059b lim: 185 exec/s: 0 rss: 85Mb L: 185/185 MS: 1 CopyPart-
#24	NEW    cov: 112 ft: 176 corp: 11/1244b lim: 185 exec/s: 0 rss: 85Mb L: 185/185 MS: 1 ChangeBit-
#31	NEW    cov: 112 ft: 186 corp: 12/1396b lim: 185 exec/s: 0 rss: 85Mb L: 152/185 MS: 2 ChangeByte-ChangeByte-
#32	NEW    cov: 112 ft: 188 corp: 13/1579b lim: 185 exec/s: 0 rss: 85Mb L: 183/185 MS: 1 InsertRepeatedBytes-
#38	NEW    cov: 112 ft: 190 corp: 14/1762b lim: 185 exec/s: 0 rss: 85Mb L: 183/185 MS: 1 EraseBytes-
#46	REDUCE cov: 113 ft: 191 corp: 15/1845b lim: 185 exec/s: 0 rss: 85Mb L: 83/185 MS: 3 ChangeBit-CrossOver-CrossOver-
#67	NEW    cov: 114 ft: 193 corp: 16/1997b lim: 185 exec/s: 0 rss: 85Mb L: 152/185 MS: 1 CopyPart-
#110	REDUCE cov: 114 ft: 193 corp: 16/1989b lim: 185 exec/s: 0 rss: 85Mb L: 127/185 MS: 3 ChangeBinInt-ChangeByte-EraseBytes-
#199	NEW    cov: 115 ft: 194 corp: 17/2153b lim: 185 exec/s: 0 rss: 85Mb L: 164/185 MS: 4 ChangeBinInt-CopyPart-PersAutoDict-CopyPart- DE: "\377\377\377\377"-
#222	REDUCE cov: 115 ft: 194 corp: 17/2111b lim: 185 exec/s: 0 rss: 85Mb L: 110/185 MS: 3 ChangeByte-PersAutoDict-EraseBytes- DE: "\377\377\377\377"-
#223	REDUCE cov: 115 ft: 194 corp: 17/2062b lim: 185 exec/s: 0 rss: 85Mb L: 103/185 MS: 1 CrossOver-
#264	REDUCE cov: 115 ft: 194 corp: 17/2058b lim: 185 exec/s: 0 rss: 85Mb L: 181/185 MS: 1 EraseBytes-
#270	REDUCE cov: 115 ft: 194 corp: 17/2056b lim: 185 exec/s: 0 rss: 85Mb L: 125/185 MS: 1 EraseBytes-
#285	NEW    cov: 115 ft: 195 corp: 18/2063b lim: 185 exec/s: 0 rss: 85Mb L: 7/185 MS: 5 EraseBytes-InsertByte-InsertRepeatedBytes-InsertRepeatedBytes-CrossOver-
#321	REDUCE cov: 115 ft: 195 corp: 18/2021b lim: 185 exec/s: 0 rss: 85Mb L: 41/185 MS: 1 CrossOver-
#342	REDUCE cov: 115 ft: 195 corp: 18/2005b lim: 185 exec/s: 0 rss: 85Mb L: 25/185 MS: 1 EraseBytes-
#343	REDUCE cov: 115 ft: 195 corp: 18/1996b lim: 185 exec/s: 0 rss: 85Mb L: 101/185 MS: 1 EraseBytes-
#349	REDUCE cov: 115 ft: 195 corp: 18/1985b lim: 185 exec/s: 0 rss: 85Mb L: 13/185 MS: 1 EraseBytes-
#372	REDUCE cov: 115 ft: 195 corp: 18/1950b lim: 185 exec/s: 0 rss: 85Mb L: 129/185 MS: 3 CopyPart-CrossOver-EraseBytes-
#379	REDUCE cov: 115 ft: 195 corp: 18/1947b lim: 185 exec/s: 0 rss: 85Mb L: 10/185 MS: 2 ChangeByte-EraseBytes-
#380	REDUCE cov: 115 ft: 195 corp: 18/1944b lim: 185 exec/s: 0 rss: 85Mb L: 4/185 MS: 1 EraseBytes-
#382	REDUCE cov: 115 ft: 195 corp: 18/1903b lim: 185 exec/s: 0 rss: 85Mb L: 60/185 MS: 2 InsertByte-CrossOver-
#409	REDUCE cov: 115 ft: 195 corp: 18/1881b lim: 185 exec/s: 0 rss: 85Mb L: 161/185 MS: 2 ChangeBit-EraseBytes-
#425	REDUCE cov: 115 ft: 195 corp: 18/1857b lim: 185 exec/s: 0 rss: 85Mb L: 136/185 MS: 1 EraseBytes-
#428	REDUCE cov: 115 ft: 195 corp: 18/1854b lim: 185 exec/s: 0 rss: 85Mb L: 7/185 MS: 3 ChangeByte-ShuffleBytes-EraseBytes-
#430	REDUCE cov: 115 ft: 197 corp: 19/1998b lim: 185 exec/s: 0 rss: 85Mb L: 144/185 MS: 2 CMP-CMP- DE: "2\000\000\000\000\000\000\000"-"\013\000\000\000\000\000\000\000"-
#492	REDUCE cov: 115 ft: 197 corp: 19/1976b lim: 185 exec/s: 0 rss: 85Mb L: 159/185 MS: 2 CMP-EraseBytes- DE: "\001\000"-
#501	REDUCE cov: 115 ft: 197 corp: 19/1951b lim: 185 exec/s: 0 rss: 85Mb L: 35/185 MS: 4 CMP-PersAutoDict-PersAutoDict-EraseBytes- DE: "\377\377\377\377"-"2\000\000\000\000\000\000\000"-"\377\377\377\377"-
#602	REDUCE cov: 115 ft: 197 corp: 19/1949b lim: 185 exec/s: 0 rss: 85Mb L: 5/185 MS: 1 EraseBytes-
#614	REDUCE cov: 115 ft: 197 corp: 19/1900b lim: 185 exec/s: 0 rss: 85Mb L: 95/185 MS: 2 ChangeBit-EraseBytes-
#622	REDUCE cov: 115 ft: 197 corp: 19/1890b lim: 185 exec/s: 0 rss: 85Mb L: 93/185 MS: 3 CrossOver-ShuffleBytes-EraseBytes-
#623	NEW    cov: 115 ft: 203 corp: 20/2042b lim: 185 exec/s: 0 rss: 85Mb L: 152/185 MS: 1 CMP- DE: "\001\000"-
#654	REDUCE cov: 115 ft: 203 corp: 20/1989b lim: 185 exec/s: 0 rss: 85Mb L: 108/185 MS: 1 EraseBytes-
#705	REDUCE cov: 115 ft: 203 corp: 20/1970b lim: 185 exec/s: 0 rss: 85Mb L: 117/185 MS: 1 EraseBytes-
#762	REDUCE cov: 115 ft: 210 corp: 21/1973b lim: 185 exec/s: 0 rss: 85Mb L: 3/185 MS: 2 ChangeByte-EraseBytes-
#799	NEW    cov: 115 ft: 212 corp: 22/2142b lim: 185 exec/s: 0 rss: 85Mb L: 169/185 MS: 2 EraseBytes-InsertRepeatedBytes-
#820	REDUCE cov: 115 ft: 212 corp: 22/2136b lim: 185 exec/s: 0 rss: 85Mb L: 177/185 MS: 1 CrossOver-
#859	REDUCE cov: 115 ft: 212 corp: 22/2131b lim: 185 exec/s: 0 rss: 85Mb L: 154/185 MS: 4 ShuffleBytes-PersAutoDict-PersAutoDict-EraseBytes- DE: "2\000\000\000\000\000\000\000"-"\001\000"-
#877	REDUCE cov: 115 ft: 212 corp: 22/2129b lim: 185 exec/s: 0 rss: 85Mb L: 127/185 MS: 3 PersAutoDict-ShuffleBytes-EraseBytes- DE: "\001\000"-
#943	REDUCE cov: 115 ft: 212 corp: 22/2095b lim: 185 exec/s: 0 rss: 85Mb L: 61/185 MS: 1 EraseBytes-
#949	REDUCE cov: 115 ft: 212 corp: 22/2094b lim: 185 exec/s: 0 rss: 85Mb L: 2/185 MS: 1 EraseBytes-
#972	NEW    cov: 115 ft: 213 corp: 23/2214b lim: 185 exec/s: 0 rss: 85Mb L: 120/185 MS: 3 InsertRepeatedBytes-ChangeBit-CopyPart-
#998	REDUCE cov: 115 ft: 213 corp: 23/2210b lim: 185 exec/s: 0 rss: 85Mb L: 123/185 MS: 1 EraseBytes-
#1014	REDUCE cov: 115 ft: 213 corp: 23/2141b lim: 185 exec/s: 0 rss: 85Mb L: 85/185 MS: 1 EraseBytes-
#1025	NEW    cov: 115 ft: 217 corp: 24/2310b lim: 185 exec/s: 0 rss: 85Mb L: 169/185 MS: 1 InsertRepeatedBytes-
#1036	NEW    cov: 115 ft: 218 corp: 25/2390b lim: 185 exec/s: 0 rss: 85Mb L: 80/185 MS: 1 EraseBytes-
#1057	REDUCE cov: 115 ft: 218 corp: 25/2316b lim: 185 exec/s: 0 rss: 85Mb L: 49/185 MS: 1 CrossOver-
#1058	REDUCE cov: 115 ft: 218 corp: 25/2313b lim: 185 exec/s: 0 rss: 85Mb L: 32/185 MS: 1 EraseBytes-
#1081	REDUCE cov: 115 ft: 218 corp: 25/2311b lim: 185 exec/s: 0 rss: 85Mb L: 123/185 MS: 3 CrossOver-CopyPart-EraseBytes-
#1177	NEW    cov: 116 ft: 219 corp: 26/2463b lim: 185 exec/s: 0 rss: 85Mb L: 152/185 MS: 1 ChangeBit-
#1209	REDUCE cov: 116 ft: 219 corp: 26/2462b lim: 185 exec/s: 0 rss: 85Mb L: 4/185 MS: 2 ShuffleBytes-EraseBytes-
#1216	REDUCE cov: 116 ft: 219 corp: 26/2461b lim: 185 exec/s: 0 rss: 85Mb L: 1/185 MS: 2 ChangeByte-EraseBytes-
#1327	REDUCE cov: 116 ft: 219 corp: 26/2456b lim: 185 exec/s: 0 rss: 85Mb L: 27/185 MS: 1 EraseBytes-
#1345	REDUCE cov: 116 ft: 219 corp: 26/2453b lim: 185 exec/s: 0 rss: 85Mb L: 46/185 MS: 3 ChangeBit-InsertByte-EraseBytes-
#1361	NEW    cov: 116 ft: 221 corp: 27/2638b lim: 185 exec/s: 0 rss: 85Mb L: 185/185 MS: 1 CopyPart-
#1402	REDUCE cov: 116 ft: 221 corp: 27/2628b lim: 185 exec/s: 0 rss: 85Mb L: 36/185 MS: 1 EraseBytes-
#1463	REDUCE cov: 116 ft: 221 corp: 27/2595b lim: 185 exec/s: 0 rss: 85Mb L: 87/185 MS: 1 CrossOver-
#1504	REDUCE cov: 116 ft: 221 corp: 27/2589b lim: 185 exec/s: 0 rss: 85Mb L: 81/185 MS: 1 CrossOver-
#1511	REDUCE cov: 116 ft: 221 corp: 27/2539b lim: 185 exec/s: 0 rss: 85Mb L: 102/185 MS: 2 ChangeByte-EraseBytes-
#1514	REDUCE cov: 116 ft: 221 corp: 27/2538b lim: 185 exec/s: 0 rss: 85Mb L: 35/185 MS: 3 ChangeBinInt-ChangeBinInt-EraseBytes-
#1557	REDUCE cov: 117 ft: 222 corp: 28/2621b lim: 185 exec/s: 0 rss: 85Mb L: 83/185 MS: 3 ShuffleBytes-PersAutoDict-ChangeBinInt- DE: "\001\000"-
#1574	REDUCE cov: 117 ft: 222 corp: 28/2617b lim: 185 exec/s: 0 rss: 85Mb L: 21/185 MS: 2 PersAutoDict-EraseBytes- DE: "2\000\000\000\000\000\000\000"-
#1720	REDUCE cov: 117 ft: 222 corp: 28/2573b lim: 185 exec/s: 0 rss: 85Mb L: 49/185 MS: 1 EraseBytes-
#2501	REDUCE cov: 117 ft: 222 corp: 28/2555b lim: 192 exec/s: 0 rss: 85Mb L: 63/185 MS: 1 EraseBytes-
#2548	REDUCE cov: 118 ft: 223 corp: 29/2589b lim: 192 exec/s: 0 rss: 85Mb L: 34/185 MS: 2 ChangeBinInt-EraseBytes-
#2745	REDUCE cov: 118 ft: 223 corp: 29/2570b lim: 192 exec/s: 0 rss: 85Mb L: 64/185 MS: 2 ChangeBinInt-EraseBytes-
#3066	REDUCE cov: 118 ft: 223 corp: 29/2567b lim: 192 exec/s: 0 rss: 85Mb L: 24/185 MS: 1 EraseBytes-
#3512	REDUCE cov: 118 ft: 226 corp: 30/2693b lim: 192 exec/s: 0 rss: 85Mb L: 126/185 MS: 1 InsertRepeatedBytes-
#3680	REDUCE cov: 118 ft: 226 corp: 30/2682b lim: 192 exec/s: 0 rss: 85Mb L: 52/185 MS: 3 CrossOver-CrossOver-EraseBytes-
#3811	REDUCE cov: 118 ft: 226 corp: 30/2677b lim: 192 exec/s: 0 rss: 85Mb L: 75/185 MS: 1 EraseBytes-
#3847	REDUCE cov: 118 ft: 226 corp: 30/2673b lim: 192 exec/s: 0 rss: 85Mb L: 13/185 MS: 1 EraseBytes-
#3953	REDUCE cov: 118 ft: 226 corp: 30/2646b lim: 192 exec/s: 0 rss: 85Mb L: 81/185 MS: 1 EraseBytes-
#4489	REDUCE cov: 118 ft: 226 corp: 30/2643b lim: 192 exec/s: 0 rss: 85Mb L: 10/185 MS: 1 EraseBytes-
#4830	NEW    cov: 118 ft: 231 corp: 31/2828b lim: 192 exec/s: 0 rss: 85Mb L: 185/185 MS: 1 CrossOver-
#4846	REDUCE cov: 118 ft: 231 corp: 31/2823b lim: 192 exec/s: 0 rss: 85Mb L: 97/185 MS: 1 EraseBytes-
#4932	REDUCE cov: 118 ft: 231 corp: 31/2822b lim: 192 exec/s: 0 rss: 85Mb L: 9/185 MS: 1 EraseBytes-
