INFO: Instrumenting gguf
INFO: Instrumenting gguf.gguf_reader
INFO: Instrumenting numpy
INFO: Instrumenting numpy.version
INFO: Instrumenting numpy._expired_attrs_2_0
INFO: Instrumenting numpy._globals
INFO: Instrumenting numpy._utils
INFO: Instrumenting numpy._utils._conversions
INFO: Instrumenting numpy._distributor_init
INFO: Instrumenting numpy.__config__
INFO: Instrumenting numpy._core
INFO: Instrumenting numpy._core.multiarray
INFO: Instrumenting datetime
INFO: Instrumenting numpy.exceptions
INFO: Instrumenting numpy._core._exceptions
INFO: Instrumenting numpy._core.printoptions
INFO: Instrumenting contextvars
INFO: Instrumenting numpy.dtypes
INFO: Instrumenting numpy._core.overrides
INFO: Instrumenting numpy._utils._inspect
INFO: Instrumenting numpy._core.umath
INFO: Instrumenting numpy._core.numerictypes
INFO: Instrumenting numbers
INFO: Instrumenting numpy._core._string_helpers
INFO: Instrumenting numpy._core._type_aliases
INFO: Instrumenting numpy._core.einsumfunc
INFO: Instrumenting numpy._core.numeric
INFO: Instrumenting numpy._core.shape_base
INFO: Instrumenting numpy._core.fromnumeric
INFO: Instrumenting numpy._core._methods
INFO: Instrumenting pickle
INFO: Instrumenting _compat_pickle
INFO: Instrumenting numpy._core._ufunc_config
INFO: Instrumenting numpy._core._asarray
INFO: Instrumenting numpy._core.arrayprint
INFO: Instrumenting numpy._core.function_base
INFO: Instrumenting numpy._core.getlimits
INFO: Instrumenting numpy._core.memmap
INFO: Instrumenting numpy._core.records
INFO: Instrumenting numpy._core._add_newdocs
INFO: Instrumenting numpy._core._add_newdocs_scalars
INFO: Instrumenting numpy._core._dtype
INFO: Instrumenting numpy._core._dtype_ctypes
INFO: Instrumenting numpy._core._internal
INFO: Instrumenting ctypes
INFO: Instrumenting sysconfig
INFO: Instrumenting ctypes._endian
INFO: Instrumenting numpy._pytesttester
INFO: Instrumenting numpy.lib
INFO: Instrumenting numpy.lib._arraypad_impl
INFO: Instrumenting numpy.lib._index_tricks_impl
INFO: Instrumenting numpy.matrixlib
INFO: Instrumenting numpy.matrixlib.defmatrix
INFO: Instrumenting numpy.linalg
INFO: Instrumenting numpy.linalg._linalg
INFO: Instrumenting numpy._typing
INFO: Instrumenting numpy._typing._array_like
INFO: Instrumenting numpy._typing._nbit_base
INFO: Instrumenting numpy._typing._nested_sequence
INFO: Instrumenting numpy._typing._shape
INFO: Instrumenting numpy._typing._char_codes
INFO: Instrumenting numpy._typing._dtype_like
INFO: Instrumenting numpy._typing._nbit
INFO: Instrumenting numpy._typing._scalars
INFO: Instrumenting numpy._typing._ufunc
INFO: Instrumenting numpy.lib._twodim_base_impl
INFO: Instrumenting numpy.lib._stride_tricks_impl
INFO: Instrumenting numpy.lib._array_utils_impl
INFO: Instrumenting numpy.lib.array_utils
INFO: Instrumenting numpy.lib._function_base_impl
INFO: Instrumenting numpy.lib._histograms_impl
INFO: Instrumenting numpy.lib._arraysetops_impl
INFO: Instrumenting numpy.lib._arrayterator_impl
INFO: Instrumenting numpy.lib._nanfunctions_impl
INFO: Instrumenting numpy.lib._npyio_impl
INFO: Instrumenting numpy.lib.format
INFO: Instrumenting numpy.lib._format_impl
INFO: Instrumenting numpy.lib._utils_impl
INFO: Instrumenting platform
INFO: Instrumenting numpy.lib._datasource
INFO: Instrumenting numpy.lib._iotools
INFO: Instrumenting numpy.lib._polynomial_impl
INFO: Instrumenting numpy.lib._type_check_impl
INFO: Instrumenting numpy.lib._ufunclike_impl
INFO: Instrumenting numpy.lib._shape_base_impl
INFO: Instrumenting numpy.lib._version
INFO: Instrumenting numpy.lib.introspect
INFO: Instrumenting numpy.lib.mixins
INFO: Instrumenting numpy.lib.npyio
INFO: Instrumenting numpy.lib.scimath
INFO: Instrumenting numpy.lib._scimath_impl
INFO: Instrumenting numpy.lib.stride_tricks
INFO: Instrumenting numpy._array_api_info
INFO: Instrumenting numpy.typing
INFO: Instrumenting numpy._typing._add_docstring
INFO: Instrumenting gguf.quants
INFO: Instrumenting gguf.constants
INFO: Instrumenting gguf.lazy
INFO: Using built-in libfuzzer
WARNING: Failed to find function "__sanitizer_acquire_crash_state".
WARNING: Failed to find function "__sanitizer_print_stack_trace".
WARNING: Failed to find function "__sanitizer_set_death_callback".
INFO: Running with entropic power schedule (0xFF, 100).
INFO: Seed: 759839182
CRASH_MIN: minimizing crash input: 'artifacts/timeouts_and_ooms/restart1_timeout-55f2e178d9e357aff401790ea4be458bdbd5aea8' (186 bytes)
CRASH_MIN: executing: src/fuzz_gguf.py -runs=1000 -timeout=5 artifacts/timeouts_and_ooms/restart1_timeout-55f2e178d9e357aff401790ea4be458bdbd5aea8 2>&1
CRASH_MIN: 'artifacts/timeouts_and_ooms/restart1_timeout-55f2e178d9e357aff401790ea4be458bdbd5aea8' (186 bytes) caused a crash. Will try to minimize it further
CRASH_MIN: executing: src/fuzz_gguf.py -runs=1000 -timeout=5 artifacts/timeouts_and_ooms/restart1_timeout-55f2e178d9e357aff401790ea4be458bdbd5aea8 -minimize_crash_internal_step=1 -exact_artifact_path=artifacts/minimized/cpu_dos_minimized.gguf 2>&1
INFO: Instrumenting gguf
INFO: Instrumenting gguf.gguf_reader
INFO: Instrumenting numpy
INFO: Instrumenting numpy.version
INFO: Instrumenting numpy._expired_attrs_2_0
INFO: Instrumenting numpy._globals
INFO: Instrumenting numpy._utils
INFO: Instrumenting numpy._utils._conversions
INFO: Instrumenting numpy._distributor_init
INFO: Instrumenting numpy.__config__
INFO: Instrumenting numpy._core
INFO: Instrumenting numpy._core.multiarray
INFO: Instrumenting datetime
INFO: Instrumenting numpy.exceptions
INFO: Instrumenting numpy._core._exceptions
INFO: Instrumenting numpy._core.printoptions
INFO: Instrumenting contextvars
INFO: Instrumenting numpy.dtypes
INFO: Instrumenting numpy._core.overrides
INFO: Instrumenting numpy._utils._inspect
INFO: Instrumenting numpy._core.umath
INFO: Instrumenting numpy._core.numerictypes
INFO: Instrumenting numbers
INFO: Instrumenting numpy._core._string_helpers
INFO: Instrumenting numpy._core._type_aliases
INFO: Instrumenting numpy._core.einsumfunc
INFO: Instrumenting numpy._core.numeric
INFO: Instrumenting numpy._core.shape_base
INFO: Instrumenting numpy._core.fromnumeric
INFO: Instrumenting numpy._core._methods
INFO: Instrumenting pickle
INFO: Instrumenting _compat_pickle
INFO: Instrumenting numpy._core._ufunc_config
INFO: Instrumenting numpy._core._asarray
INFO: Instrumenting numpy._core.arrayprint
INFO: Instrumenting numpy._core.function_base
INFO: Instrumenting numpy._core.getlimits
INFO: Instrumenting numpy._core.memmap
INFO: Instrumenting numpy._core.records
INFO: Instrumenting numpy._core._add_newdocs
INFO: Instrumenting numpy._core._add_newdocs_scalars
INFO: Instrumenting numpy._core._dtype
INFO: Instrumenting numpy._core._dtype_ctypes
INFO: Instrumenting numpy._core._internal
INFO: Instrumenting ctypes
INFO: Instrumenting sysconfig
INFO: Instrumenting ctypes._endian
INFO: Instrumenting numpy._pytesttester
INFO: Instrumenting numpy.lib
INFO: Instrumenting numpy.lib._arraypad_impl
INFO: Instrumenting numpy.lib._index_tricks_impl
INFO: Instrumenting numpy.matrixlib
INFO: Instrumenting numpy.matrixlib.defmatrix
INFO: Instrumenting numpy.linalg
INFO: Instrumenting numpy.linalg._linalg
INFO: Instrumenting numpy._typing
INFO: Instrumenting numpy._typing._array_like
INFO: Instrumenting numpy._typing._nbit_base
INFO: Instrumenting numpy._typing._nested_sequence
INFO: Instrumenting numpy._typing._shape
INFO: Instrumenting numpy._typing._char_codes
INFO: Instrumenting numpy._typing._dtype_like
INFO: Instrumenting numpy._typing._nbit
INFO: Instrumenting numpy._typing._scalars
INFO: Instrumenting numpy._typing._ufunc
INFO: Instrumenting numpy.lib._twodim_base_impl
INFO: Instrumenting numpy.lib._stride_tricks_impl
INFO: Instrumenting numpy.lib._array_utils_impl
INFO: Instrumenting numpy.lib.array_utils
INFO: Instrumenting numpy.lib._function_base_impl
INFO: Instrumenting numpy.lib._histograms_impl
INFO: Instrumenting numpy.lib._arraysetops_impl
INFO: Instrumenting numpy.lib._arrayterator_impl
INFO: Instrumenting numpy.lib._nanfunctions_impl
INFO: Instrumenting numpy.lib._npyio_impl
INFO: Instrumenting numpy.lib.format
INFO: Instrumenting numpy.lib._format_impl
INFO: Instrumenting numpy.lib._utils_impl
INFO: Instrumenting platform
INFO: Instrumenting numpy.lib._datasource
INFO: Instrumenting numpy.lib._iotools
INFO: Instrumenting numpy.lib._polynomial_impl
INFO: Instrumenting numpy.lib._type_check_impl
INFO: Instrumenting numpy.lib._ufunclike_impl
INFO: Instrumenting numpy.lib._shape_base_impl
INFO: Instrumenting numpy.lib._version
INFO: Instrumenting numpy.lib.introspect
INFO: Instrumenting numpy.lib.mixins
INFO: Instrumenting numpy.lib.npyio
INFO: Instrumenting numpy.lib.scimath
INFO: Instrumenting numpy.lib._scimath_impl
INFO: Instrumenting numpy.lib.stride_tricks
INFO: Instrumenting numpy._array_api_info
INFO: Instrumenting numpy.typing
INFO: Instrumenting numpy._typing._add_docstring
INFO: Instrumenting gguf.quants
INFO: Instrumenting gguf.constants
INFO: Instrumenting gguf.lazy
INFO: Using built-in libfuzzer
WARNING: Failed to find function "__sanitizer_acquire_crash_state".
WARNING: Failed to find function "__sanitizer_print_stack_trace".
WARNING: Failed to find function "__sanitizer_set_death_callback".
INFO: Running with entropic power schedule (0xFF, 100).
INFO: Seed: 2040783154
INFO: Starting MinimizeCrashInputInternalStep: 186
INFO: -max_len is not provided; libFuzzer will not generate inputs larger than 186 bytes

 === Timeout: 6s elapsed, timeout=5s ===
Current thread 0x00007f3093e29200 (most recent call first):
  File "/home/kali/director/projects/gguf-fuzzing/.venv/lib/python3.13/site-packages/numpy/_core/memmap.py", line 362 in __getitem__
  File "/home/kali/director/projects/gguf-fuzzing/vendor/gguf/gguf_reader.py", line 263 in _get_field_parts
  File "/home/kali/director/projects/gguf-fuzzing/vendor/gguf/gguf_reader.py", line 315 in _build_fields
  File "/home/kali/director/projects/gguf-fuzzing/vendor/gguf/gguf_reader.py", line 178 in __init__
  File "/home/kali/director/projects/gguf-fuzzing/src/fuzz_gguf.py", line 174 in TestOneInput
  File "/home/kali/director/projects/gguf-fuzzing/src/fuzz_gguf.py", line 185 in main
  File "/home/kali/director/projects/gguf-fuzzing/src/fuzz_gguf.py", line 189 in <module>
ALARM: working on the last Unit for 5 seconds
       and the timeout value is 5 (use -timeout=N to change)
MS: 2 EraseBytes-EraseBytes-; base unit: 0000000000000000000000000000000000000000
0x47,0x47,0x55,0x46,0x3,0x0,0x0,0x0,0x20,0x0,0x0,0x0,0x0,0x0,0x0,0x0,0x4,0x0,0x0,0x0,0x0,0x0,0x0,0x0,0x11,0x0,0x0,0x0,0x0,0x0,0x0,0x0,0x67,0x65,0x6e,0x65,0x72,0x61,0x6c,0x2e,0x66,0x69,0x6c,0x65,0x5f,0x74,0x79,0x70,0x65,0x4,0x0,0x0,0x0,0x6f,0x64,0x65,0x76,0x12,0x0,0x0,0x0,0x0,0x0,0x0,0x0,0x67,0x65,0x6e,0x65,0x72,0x61,0x6c,0x2e,0x73,0x6f,0x6d,0x65,0x5f,0x61,0x72,0x72,0x61,0x79,0x9,0x0,0x0,0x0,0x0,0x0,0x0,0x0,0x3,0x0,0xcd,0x0,0x0,0x0,0x0,0x0,0x0,0x1,0x2,0x3,0x0,0x0,0x0,0x0,0x0,0x0,0x3,0x0,0xcd,0x0,0x0,0x0,0x0,0x0,0x0,0x1,0x2,0x3,
GGUF\003\000\000\000 \000\000\000\000\000\000\000\004\000\000\000\000\000\000\000\021\000\000\000\000\000\000\000general.file_type\004\000\000\000odev\022\000\000\000\000\000\000\000general.some_array\011\000\000\000\000\000\000\000\003\000\315\000\000\000\000\000\000\001\002\003\000\000\000\000\000\000\003\000\315\000\000\000\000\000\000\001\002\003
artifact_prefix='./'; Test unit written to artifacts/minimized/cpu_dos_minimized.gguf
Base64: R0dVRgMAAAAgAAAAAAAAAAQAAAAAAAAAEQAAAAAAAABnZW5lcmFsLmZpbGVfdHlwZQQAAABvZGV2EgAAAAAAAABnZW5lcmFsLnNvbWVfYXJyYXkJAAAAAAAAAAMAzQAAAAAAAAECAwAAAAAAAAMAzQAAAAAAAAECAw==
==2280861== ERROR: libFuzzer: timeout after 5 seconds
SUMMARY: libFuzzer: timeout
*********************************
CRASH_MIN: minimizing crash input: 'artifacts/minimized/cpu_dos_minimized.gguf' (121 bytes)
CRASH_MIN: executing: src/fuzz_gguf.py -runs=1000 -timeout=5 artifacts/minimized/cpu_dos_minimized.gguf 2>&1
CRASH_MIN: 'artifacts/minimized/cpu_dos_minimized.gguf' (121 bytes) caused a crash. Will try to minimize it further
CRASH_MIN: executing: src/fuzz_gguf.py -runs=1000 -timeout=5 artifacts/minimized/cpu_dos_minimized.gguf -minimize_crash_internal_step=1 -exact_artifact_path=artifacts/minimized/cpu_dos_minimized.gguf 2>&1
INFO: Instrumenting gguf
INFO: Instrumenting gguf.gguf_reader
INFO: Instrumenting numpy
INFO: Instrumenting numpy.version
INFO: Instrumenting numpy._expired_attrs_2_0
INFO: Instrumenting numpy._globals
INFO: Instrumenting numpy._utils
INFO: Instrumenting numpy._utils._conversions
INFO: Instrumenting numpy._distributor_init
INFO: Instrumenting numpy.__config__
INFO: Instrumenting numpy._core
INFO: Instrumenting numpy._core.multiarray
INFO: Instrumenting datetime
INFO: Instrumenting numpy.exceptions
INFO: Instrumenting numpy._core._exceptions
INFO: Instrumenting numpy._core.printoptions
INFO: Instrumenting contextvars
INFO: Instrumenting numpy.dtypes
INFO: Instrumenting numpy._core.overrides
INFO: Instrumenting numpy._utils._inspect
INFO: Instrumenting numpy._core.umath
INFO: Instrumenting numpy._core.numerictypes
INFO: Instrumenting numbers
INFO: Instrumenting numpy._core._string_helpers
INFO: Instrumenting numpy._core._type_aliases
INFO: Instrumenting numpy._core.einsumfunc
INFO: Instrumenting numpy._core.numeric
INFO: Instrumenting numpy._core.shape_base
INFO: Instrumenting numpy._core.fromnumeric
INFO: Instrumenting numpy._core._methods
INFO: Instrumenting pickle
INFO: Instrumenting _compat_pickle
INFO: Instrumenting numpy._core._ufunc_config
INFO: Instrumenting numpy._core._asarray
INFO: Instrumenting numpy._core.arrayprint
INFO: Instrumenting numpy._core.function_base
INFO: Instrumenting numpy._core.getlimits
INFO: Instrumenting numpy._core.memmap
INFO: Instrumenting numpy._core.records
INFO: Instrumenting numpy._core._add_newdocs
INFO: Instrumenting numpy._core._add_newdocs_scalars
INFO: Instrumenting numpy._core._dtype
INFO: Instrumenting numpy._core._dtype_ctypes
INFO: Instrumenting numpy._core._internal
INFO: Instrumenting ctypes
INFO: Instrumenting sysconfig
INFO: Instrumenting ctypes._endian
INFO: Instrumenting numpy._pytesttester
INFO: Instrumenting numpy.lib
INFO: Instrumenting numpy.lib._arraypad_impl
INFO: Instrumenting numpy.lib._index_tricks_impl
INFO: Instrumenting numpy.matrixlib
INFO: Instrumenting numpy.matrixlib.defmatrix
INFO: Instrumenting numpy.linalg
INFO: Instrumenting numpy.linalg._linalg
INFO: Instrumenting numpy._typing
INFO: Instrumenting numpy._typing._array_like
INFO: Instrumenting numpy._typing._nbit_base
INFO: Instrumenting numpy._typing._nested_sequence
INFO: Instrumenting numpy._typing._shape
INFO: Instrumenting numpy._typing._char_codes
INFO: Instrumenting numpy._typing._dtype_like
INFO: Instrumenting numpy._typing._nbit
INFO: Instrumenting numpy._typing._scalars
INFO: Instrumenting numpy._typing._ufunc
INFO: Instrumenting numpy.lib._twodim_base_impl
INFO: Instrumenting numpy.lib._stride_tricks_impl
INFO: Instrumenting numpy.lib._array_utils_impl
INFO: Instrumenting numpy.lib.array_utils
INFO: Instrumenting numpy.lib._function_base_impl
INFO: Instrumenting numpy.lib._histograms_impl
INFO: Instrumenting numpy.lib._arraysetops_impl
INFO: Instrumenting numpy.lib._arrayterator_impl
INFO: Instrumenting numpy.lib._nanfunctions_impl
INFO: Instrumenting numpy.lib._npyio_impl
INFO: Instrumenting numpy.lib.format
INFO: Instrumenting numpy.lib._format_impl
INFO: Instrumenting numpy.lib._utils_impl
INFO: Instrumenting platform
INFO: Instrumenting numpy.lib._datasource
INFO: Instrumenting numpy.lib._iotools
INFO: Instrumenting numpy.lib._polynomial_impl
INFO: Instrumenting numpy.lib._type_check_impl
INFO: Instrumenting numpy.lib._ufunclike_impl
INFO: Instrumenting numpy.lib._shape_base_impl
INFO: Instrumenting numpy.lib._version
INFO: Instrumenting numpy.lib.introspect
INFO: Instrumenting numpy.lib.mixins
INFO: Instrumenting numpy.lib.npyio
INFO: Instrumenting numpy.lib.scimath
INFO: Instrumenting numpy.lib._scimath_impl
INFO: Instrumenting numpy.lib.stride_tricks
INFO: Instrumenting numpy._array_api_info
INFO: Instrumenting numpy.typing
INFO: Instrumenting numpy._typing._add_docstring
INFO: Instrumenting gguf.quants
INFO: Instrumenting gguf.constants
INFO: Instrumenting gguf.lazy
INFO: Using built-in libfuzzer
WARNING: Failed to find function "__sanitizer_acquire_crash_state".
WARNING: Failed to find function "__sanitizer_print_stack_trace".
WARNING: Failed to find function "__sanitizer_set_death_callback".
INFO: Running with entropic power schedule (0xFF, 100).
INFO: Seed: 743868660
INFO: Starting MinimizeCrashInputInternalStep: 121
INFO: -max_len is not provided; libFuzzer will not generate inputs larger than 121 bytes

 === Timeout: 6s elapsed, timeout=5s ===
Current thread 0x00007f726b895200 (most recent call first):
  File "/home/kali/director/projects/gguf-fuzzing/vendor/gguf/gguf_reader.py", line 268 in <genexpr>
  File "/home/kali/director/projects/gguf-fuzzing/vendor/gguf/gguf_reader.py", line 268 in _get_field_parts
  File "/home/kali/director/projects/gguf-fuzzing/vendor/gguf/gguf_reader.py", line 315 in _build_fields
  File "/home/kali/director/projects/gguf-fuzzing/vendor/gguf/gguf_reader.py", line 178 in __init__
  File "/home/kali/director/projects/gguf-fuzzing/src/fuzz_gguf.py", line 174 in TestOneInput
  File "/home/kali/director/projects/gguf-fuzzing/src/fuzz_gguf.py", line 185 in main
  File "/home/kali/director/projects/gguf-fuzzing/src/fuzz_gguf.py", line 189 in <module>
ALARM: working on the last Unit for 5 seconds
       and the timeout value is 5 (use -timeout=N to change)
MS: 2 EraseBytes-EraseBytes-; base unit: 0000000000000000000000000000000000000000
0x47,0x47,0x55,0x46,0x3,0x0,0x0,0x0,0x20,0x0,0x0,0x0,0x0,0x0,0x0,0x0,0x4,0x0,0x0,0x0,0x0,0x0,0x0,0x0,0x11,0x0,0x0,0x0,0x0,0x0,0x0,0x0,0x67,0x65,0x6e,0x65,0x72,0x61,0x6c,0x2e,0x66,0x69,0x6c,0x65,0x5f,0x74,0x79,0x70,0x65,0x4,0x0,0x0,0x0,0x6f,0x64,0x65,0x76,0x12,0x0,0x0,0x0,0x0,0x0,0x0,0x0,0x67,0x65,0x6e,0x65,0x72,0x61,0x6c,0x2e,0x73,0x6f,0x6d,0x0,0x0,0x0,0x0,0x1,0x2,0x3,0x9,0x0,0x0,0x0,0x0,0x0,0x0,0x0,0x3,0x0,0xcd,0x0,0x0,0x0,0x0,0x0,0x0,0x0,0x0,0x0,0x1,0x2,0x3,
GGUF\003\000\000\000 \000\000\000\000\000\000\000\004\000\000\000\000\000\000\000\021\000\000\000\000\000\000\000general.file_type\004\000\000\000odev\022\000\000\000\000\000\000\000general.som\000\000\000\000\001\002\003\011\000\000\000\000\000\000\000\003\000\315\000\000\000\000\000\000\000\000\000\001\002\003
artifact_prefix='./'; Test unit written to artifacts/minimized/cpu_dos_minimized.gguf
Base64: R0dVRgMAAAAgAAAAAAAAAAQAAAAAAAAAEQAAAAAAAABnZW5lcmFsLmZpbGVfdHlwZQQAAABvZGV2EgAAAAAAAABnZW5lcmFsLnNvbQAAAAABAgMJAAAAAAAAAAMAzQAAAAAAAAAAAAECAw==
==2281066== ERROR: libFuzzer: timeout after 5 seconds
SUMMARY: libFuzzer: timeout
*********************************
CRASH_MIN: minimizing crash input: 'artifacts/minimized/cpu_dos_minimized.gguf' (106 bytes)
CRASH_MIN: executing: src/fuzz_gguf.py -runs=1000 -timeout=5 artifacts/minimized/cpu_dos_minimized.gguf 2>&1
CRASH_MIN: 'artifacts/minimized/cpu_dos_minimized.gguf' (106 bytes) caused a crash. Will try to minimize it further
CRASH_MIN: executing: src/fuzz_gguf.py -runs=1000 -timeout=5 artifacts/minimized/cpu_dos_minimized.gguf -minimize_crash_internal_step=1 -exact_artifact_path=artifacts/minimized/cpu_dos_minimized.gguf 2>&1
INFO: Instrumenting gguf
INFO: Instrumenting gguf.gguf_reader
INFO: Instrumenting numpy
INFO: Instrumenting numpy.version
INFO: Instrumenting numpy._expired_attrs_2_0
INFO: Instrumenting numpy._globals
INFO: Instrumenting numpy._utils
INFO: Instrumenting numpy._utils._conversions
INFO: Instrumenting numpy._distributor_init
INFO: Instrumenting numpy.__config__
INFO: Instrumenting numpy._core
INFO: Instrumenting numpy._core.multiarray
INFO: Instrumenting datetime
INFO: Instrumenting numpy.exceptions
INFO: Instrumenting numpy._core._exceptions
INFO: Instrumenting numpy._core.printoptions
INFO: Instrumenting contextvars
INFO: Instrumenting numpy.dtypes
INFO: Instrumenting numpy._core.overrides
INFO: Instrumenting numpy._utils._inspect
INFO: Instrumenting numpy._core.umath
INFO: Instrumenting numpy._core.numerictypes
INFO: Instrumenting numbers
INFO: Instrumenting numpy._core._string_helpers
INFO: Instrumenting numpy._core._type_aliases
INFO: Instrumenting numpy._core.einsumfunc
INFO: Instrumenting numpy._core.numeric
INFO: Instrumenting numpy._core.shape_base
INFO: Instrumenting numpy._core.fromnumeric
INFO: Instrumenting numpy._core._methods
INFO: Instrumenting pickle
INFO: Instrumenting _compat_pickle
INFO: Instrumenting numpy._core._ufunc_config
INFO: Instrumenting numpy._core._asarray
INFO: Instrumenting numpy._core.arrayprint
INFO: Instrumenting numpy._core.function_base
INFO: Instrumenting numpy._core.getlimits
INFO: Instrumenting numpy._core.memmap
INFO: Instrumenting numpy._core.records
INFO: Instrumenting numpy._core._add_newdocs
INFO: Instrumenting numpy._core._add_newdocs_scalars
INFO: Instrumenting numpy._core._dtype
INFO: Instrumenting numpy._core._dtype_ctypes
INFO: Instrumenting numpy._core._internal
INFO: Instrumenting ctypes
INFO: Instrumenting sysconfig
INFO: Instrumenting ctypes._endian
INFO: Instrumenting numpy._pytesttester
INFO: Instrumenting numpy.lib
INFO: Instrumenting numpy.lib._arraypad_impl
INFO: Instrumenting numpy.lib._index_tricks_impl
INFO: Instrumenting numpy.matrixlib
INFO: Instrumenting numpy.matrixlib.defmatrix
INFO: Instrumenting numpy.linalg
INFO: Instrumenting numpy.linalg._linalg
INFO: Instrumenting numpy._typing
INFO: Instrumenting numpy._typing._array_like
INFO: Instrumenting numpy._typing._nbit_base
INFO: Instrumenting numpy._typing._nested_sequence
INFO: Instrumenting numpy._typing._shape
INFO: Instrumenting numpy._typing._char_codes
INFO: Instrumenting numpy._typing._dtype_like
INFO: Instrumenting numpy._typing._nbit
INFO: Instrumenting numpy._typing._scalars
INFO: Instrumenting numpy._typing._ufunc
INFO: Instrumenting numpy.lib._twodim_base_impl
INFO: Instrumenting numpy.lib._stride_tricks_impl
INFO: Instrumenting numpy.lib._array_utils_impl
INFO: Instrumenting numpy.lib.array_utils
INFO: Instrumenting numpy.lib._function_base_impl
INFO: Instrumenting numpy.lib._histograms_impl
INFO: Instrumenting numpy.lib._arraysetops_impl
INFO: Instrumenting numpy.lib._arrayterator_impl
INFO: Instrumenting numpy.lib._nanfunctions_impl
INFO: Instrumenting numpy.lib._npyio_impl
INFO: Instrumenting numpy.lib.format
INFO: Instrumenting numpy.lib._format_impl
INFO: Instrumenting numpy.lib._utils_impl
INFO: Instrumenting platform
INFO: Instrumenting numpy.lib._datasource
INFO: Instrumenting numpy.lib._iotools
INFO: Instrumenting numpy.lib._polynomial_impl
INFO: Instrumenting numpy.lib._type_check_impl
INFO: Instrumenting numpy.lib._ufunclike_impl
INFO: Instrumenting numpy.lib._shape_base_impl
INFO: Instrumenting numpy.lib._version
INFO: Instrumenting numpy.lib.introspect
INFO: Instrumenting numpy.lib.mixins
INFO: Instrumenting numpy.lib.npyio
INFO: Instrumenting numpy.lib.scimath
INFO: Instrumenting numpy.lib._scimath_impl
INFO: Instrumenting numpy.lib.stride_tricks
INFO: Instrumenting numpy._array_api_info
INFO: Instrumenting numpy.typing
INFO: Instrumenting numpy._typing._add_docstring
INFO: Instrumenting gguf.quants
INFO: Instrumenting gguf.constants
INFO: Instrumenting gguf.lazy
INFO: Using built-in libfuzzer
WARNING: Failed to find function "__sanitizer_acquire_crash_state".
WARNING: Failed to find function "__sanitizer_print_stack_trace".
WARNING: Failed to find function "__sanitizer_set_death_callback".
INFO: Running with entropic power schedule (0xFF, 100).
INFO: Seed: 3816036291
INFO: Starting MinimizeCrashInputInternalStep: 106
INFO: -max_len is not provided; libFuzzer will not generate inputs larger than 106 bytes

 === Timeout: 6s elapsed, timeout=5s ===
Current thread 0x00007f1b1931a200 (most recent call first):
  File "/home/kali/director/projects/gguf-fuzzing/vendor/gguf/gguf_reader.py", line 242 in _get_field_parts
  File "/home/kali/director/projects/gguf-fuzzing/vendor/gguf/gguf_reader.py", line 263 in _get_field_parts
  File "/home/kali/director/projects/gguf-fuzzing/vendor/gguf/gguf_reader.py", line 315 in _build_fields
  File "/home/kali/director/projects/gguf-fuzzing/vendor/gguf/gguf_reader.py", line 178 in __init__
  File "/home/kali/director/projects/gguf-fuzzing/src/fuzz_gguf.py", line 174 in TestOneInput
  File "/home/kali/director/projects/gguf-fuzzing/src/fuzz_gguf.py", line 185 in main
  File "/home/kali/director/projects/gguf-fuzzing/src/fuzz_gguf.py", line 189 in <module>
ALARM: working on the last Unit for 5 seconds
       and the timeout value is 5 (use -timeout=N to change)
MS: 1 EraseBytes-; base unit: 0000000000000000000000000000000000000000
0x47,0x47,0x55,0x46,0x3,0x0,0x0,0x0,0x20,0x0,0x0,0x0,0x0,0x0,0x0,0x0,0x4,0x0,0x0,0x0,0x0,0x0,0x0,0x0,0x11,0x0,0x0,0x0,0x0,0x0,0x0,0x0,0x67,0x65,0x6e,0x65,0x72,0x61,0x6c,0x2e,0x66,0x69,0x6c,0x65,0x5f,0x74,0x79,0x70,0x65,0x4,0x0,0x0,0x0,0x6f,0x64,0x65,0x76,0x12,0x0,0x0,0x0,0x0,0x0,0x0,0x0,0x67,0x65,0x6e,0x65,0x72,0x61,0x6c,0x2e,0x73,0x6f,0x6d,0x0,0x0,0x0,0x0,0x1,0x2,0x3,0x9,0x0,0x0,0x0,0x0,0x0,0x0,0x0,0x3,0x0,0xcd,0x0,0x0,0x0,0x0,0x0,0x0,0x0,0x0,0x1,0x2,0x3,
GGUF\003\000\000\000 \000\000\000\000\000\000\000\004\000\000\000\000\000\000\000\021\000\000\000\000\000\000\000general.file_type\004\000\000\000odev\022\000\000\000\000\000\000\000general.som\000\000\000\000\001\002\003\011\000\000\000\000\000\000\000\003\000\315\000\000\000\000\000\000\000\000\001\002\003
artifact_prefix='./'; Test unit written to artifacts/minimized/cpu_dos_minimized.gguf
Base64: R0dVRgMAAAAgAAAAAAAAAAQAAAAAAAAAEQAAAAAAAABnZW5lcmFsLmZpbGVfdHlwZQQAAABvZGV2EgAAAAAAAABnZW5lcmFsLnNvbQAAAAABAgMJAAAAAAAAAAMAzQAAAAAAAAAAAQID
==2281279== ERROR: libFuzzer: timeout after 5 seconds
SUMMARY: libFuzzer: timeout
*********************************
CRASH_MIN: minimizing crash input: 'artifacts/minimized/cpu_dos_minimized.gguf' (105 bytes)
CRASH_MIN: executing: src/fuzz_gguf.py -runs=1000 -timeout=5 artifacts/minimized/cpu_dos_minimized.gguf 2>&1
CRASH_MIN: 'artifacts/minimized/cpu_dos_minimized.gguf' (105 bytes) caused a crash. Will try to minimize it further
CRASH_MIN: executing: src/fuzz_gguf.py -runs=1000 -timeout=5 artifacts/minimized/cpu_dos_minimized.gguf -minimize_crash_internal_step=1 -exact_artifact_path=artifacts/minimized/cpu_dos_minimized.gguf 2>&1
INFO: Instrumenting gguf
INFO: Instrumenting gguf.gguf_reader
INFO: Instrumenting numpy
INFO: Instrumenting numpy.version
INFO: Instrumenting numpy._expired_attrs_2_0
INFO: Instrumenting numpy._globals
INFO: Instrumenting numpy._utils
INFO: Instrumenting numpy._utils._conversions
INFO: Instrumenting numpy._distributor_init
INFO: Instrumenting numpy.__config__
INFO: Instrumenting numpy._core
INFO: Instrumenting numpy._core.multiarray
INFO: Instrumenting datetime
INFO: Instrumenting numpy.exceptions
INFO: Instrumenting numpy._core._exceptions
INFO: Instrumenting numpy._core.printoptions
INFO: Instrumenting contextvars
INFO: Instrumenting numpy.dtypes
INFO: Instrumenting numpy._core.overrides
INFO: Instrumenting numpy._utils._inspect
INFO: Instrumenting numpy._core.umath
INFO: Instrumenting numpy._core.numerictypes
INFO: Instrumenting numbers
INFO: Instrumenting numpy._core._string_helpers
INFO: Instrumenting numpy._core._type_aliases
INFO: Instrumenting numpy._core.einsumfunc
INFO: Instrumenting numpy._core.numeric
INFO: Instrumenting numpy._core.shape_base
INFO: Instrumenting numpy._core.fromnumeric
INFO: Instrumenting numpy._core._methods
INFO: Instrumenting pickle
INFO: Instrumenting _compat_pickle
INFO: Instrumenting numpy._core._ufunc_config
INFO: Instrumenting numpy._core._asarray
INFO: Instrumenting numpy._core.arrayprint
INFO: Instrumenting numpy._core.function_base
INFO: Instrumenting numpy._core.getlimits
INFO: Instrumenting numpy._core.memmap
INFO: Instrumenting numpy._core.records
INFO: Instrumenting numpy._core._add_newdocs
INFO: Instrumenting numpy._core._add_newdocs_scalars
INFO: Instrumenting numpy._core._dtype
INFO: Instrumenting numpy._core._dtype_ctypes
INFO: Instrumenting numpy._core._internal
INFO: Instrumenting ctypes
INFO: Instrumenting sysconfig
INFO: Instrumenting ctypes._endian
INFO: Instrumenting numpy._pytesttester
INFO: Instrumenting numpy.lib
INFO: Instrumenting numpy.lib._arraypad_impl
INFO: Instrumenting numpy.lib._index_tricks_impl
INFO: Instrumenting numpy.matrixlib
INFO: Instrumenting numpy.matrixlib.defmatrix
INFO: Instrumenting numpy.linalg
INFO: Instrumenting numpy.linalg._linalg
INFO: Instrumenting numpy._typing
INFO: Instrumenting numpy._typing._array_like
INFO: Instrumenting numpy._typing._nbit_base
INFO: Instrumenting numpy._typing._nested_sequence
INFO: Instrumenting numpy._typing._shape
INFO: Instrumenting numpy._typing._char_codes
INFO: Instrumenting numpy._typing._dtype_like
INFO: Instrumenting numpy._typing._nbit
INFO: Instrumenting numpy._typing._scalars
INFO: Instrumenting numpy._typing._ufunc
INFO: Instrumenting numpy.lib._twodim_base_impl
INFO: Instrumenting numpy.lib._stride_tricks_impl
INFO: Instrumenting numpy.lib._array_utils_impl
INFO: Instrumenting numpy.lib.array_utils
INFO: Instrumenting numpy.lib._function_base_impl
INFO: Instrumenting numpy.lib._histograms_impl
INFO: Instrumenting numpy.lib._arraysetops_impl
INFO: Instrumenting numpy.lib._arrayterator_impl
INFO: Instrumenting numpy.lib._nanfunctions_impl
INFO: Instrumenting numpy.lib._npyio_impl
INFO: Instrumenting numpy.lib.format
INFO: Instrumenting numpy.lib._format_impl
INFO: Instrumenting numpy.lib._utils_impl
INFO: Instrumenting platform
INFO: Instrumenting numpy.lib._datasource
INFO: Instrumenting numpy.lib._iotools
INFO: Instrumenting numpy.lib._polynomial_impl
INFO: Instrumenting numpy.lib._type_check_impl
INFO: Instrumenting numpy.lib._ufunclike_impl
INFO: Instrumenting numpy.lib._shape_base_impl
INFO: Instrumenting numpy.lib._version
INFO: Instrumenting numpy.lib.introspect
INFO: Instrumenting numpy.lib.mixins
INFO: Instrumenting numpy.lib.npyio
INFO: Instrumenting numpy.lib.scimath
INFO: Instrumenting numpy.lib._scimath_impl
INFO: Instrumenting numpy.lib.stride_tricks
INFO: Instrumenting numpy._array_api_info
INFO: Instrumenting numpy.typing
INFO: Instrumenting numpy._typing._add_docstring
INFO: Instrumenting gguf.quants
INFO: Instrumenting gguf.constants
INFO: Instrumenting gguf.lazy
INFO: Using built-in libfuzzer
WARNING: Failed to find function "__sanitizer_acquire_crash_state".
WARNING: Failed to find function "__sanitizer_print_stack_trace".
WARNING: Failed to find function "__sanitizer_set_death_callback".
INFO: Running with entropic power schedule (0xFF, 100).
INFO: Seed: 2520475998
INFO: Starting MinimizeCrashInputInternalStep: 105
INFO: -max_len is not provided; libFuzzer will not generate inputs larger than 105 bytes

 === Timeout: 6s elapsed, timeout=5s ===
Current thread 0x00007ff8d0884200 (most recent call first):
  File "/home/kali/director/projects/gguf-fuzzing/.venv/lib/python3.13/site-packages/numpy/_core/memmap.py", line 312 in __array_finalize__
  File "/home/kali/director/projects/gguf-fuzzing/.venv/lib/python3.13/site-packages/numpy/_core/memmap.py", line 359 in __getitem__
  File "/home/kali/director/projects/gguf-fuzzing/vendor/gguf/gguf_reader.py", line 212 in _get
  File "/home/kali/director/projects/gguf-fuzzing/vendor/gguf/gguf_reader.py", line 249 in _get_field_parts
  File "/home/kali/director/projects/gguf-fuzzing/vendor/gguf/gguf_reader.py", line 263 in _get_field_parts
  File "/home/kali/director/projects/gguf-fuzzing/vendor/gguf/gguf_reader.py", line 315 in _build_fields
  File "/home/kali/director/projects/gguf-fuzzing/vendor/gguf/gguf_reader.py", line 178 in __init__
  File "/home/kali/director/projects/gguf-fuzzing/src/fuzz_gguf.py", line 174 in TestOneInput
  File "/home/kali/director/projects/gguf-fuzzing/src/fuzz_gguf.py", line 185 in main
  File "/home/kali/director/projects/gguf-fuzzing/src/fuzz_gguf.py", line 189 in <module>
ALARM: working on the last Unit for 5 seconds
       and the timeout value is 5 (use -timeout=N to change)
MS: 1 EraseBytes-; base unit: 0000000000000000000000000000000000000000
0x47,0x47,0x55,0x46,0x3,0x0,0x0,0x0,0x20,0x0,0x0,0x0,0x0,0x0,0x0,0x0,0x4,0x0,0x0,0x0,0x0,0x0,0x0,0x0,0x11,0x0,0x0,0x0,0x0,0x0,0x0,0x0,0x67,0x65,0x6e,0x65,0x72,0x61,0x6c,0x2e,0x66,0x69,0x6c,0x65,0x5f,0x74,0x79,0x70,0x65,0x4,0x0,0x0,0x0,0x6f,0x64,0x65,0x76,0x12,0x0,0x0,0x0,0x0,0x0,0x0,0x0,0x67,0x65,0x6e,0x65,0x72,0x61,0x6c,0x2e,0x73,0x6f,0x6d,0x0,0x0,0x0,0x0,0x1,0x2,0x3,0x9,0x0,0x0,0x0,0x0,0x0,0x0,0x0,0x3,0x0,0xcd,0x0,0x0,0x0,0x0,0x0,0x1,0x2,0x3,
GGUF\003\000\000\000 \000\000\000\000\000\000\000\004\000\000\000\000\000\000\000\021\000\000\000\000\000\000\000general.file_type\004\000\000\000odev\022\000\000\000\000\000\000\000general.som\000\000\000\000\001\002\003\011\000\000\000\000\000\000\000\003\000\315\000\000\000\000\000\001\002\003
artifact_prefix='./'; Test unit written to artifacts/minimized/cpu_dos_minimized.gguf
Base64: R0dVRgMAAAAgAAAAAAAAAAQAAAAAAAAAEQAAAAAAAABnZW5lcmFsLmZpbGVfdHlwZQQAAABvZGV2EgAAAAAAAABnZW5lcmFsLnNvbQAAAAABAgMJAAAAAAAAAAMAzQAAAAAAAQID
==2281471== ERROR: libFuzzer: timeout after 5 seconds
SUMMARY: libFuzzer: timeout
*********************************
CRASH_MIN: minimizing crash input: 'artifacts/minimized/cpu_dos_minimized.gguf' (102 bytes)
CRASH_MIN: executing: src/fuzz_gguf.py -runs=1000 -timeout=5 artifacts/minimized/cpu_dos_minimized.gguf 2>&1
CRASH_MIN: 'artifacts/minimized/cpu_dos_minimized.gguf' (102 bytes) caused a crash. Will try to minimize it further
CRASH_MIN: executing: src/fuzz_gguf.py -runs=1000 -timeout=5 artifacts/minimized/cpu_dos_minimized.gguf -minimize_crash_internal_step=1 -exact_artifact_path=artifacts/minimized/cpu_dos_minimized.gguf 2>&1
INFO: Instrumenting gguf
INFO: Instrumenting gguf.gguf_reader
INFO: Instrumenting numpy
INFO: Instrumenting numpy.version
INFO: Instrumenting numpy._expired_attrs_2_0
INFO: Instrumenting numpy._globals
INFO: Instrumenting numpy._utils
INFO: Instrumenting numpy._utils._conversions
INFO: Instrumenting numpy._distributor_init
INFO: Instrumenting numpy.__config__
INFO: Instrumenting numpy._core
INFO: Instrumenting numpy._core.multiarray
INFO: Instrumenting datetime
INFO: Instrumenting numpy.exceptions
INFO: Instrumenting numpy._core._exceptions
INFO: Instrumenting numpy._core.printoptions
INFO: Instrumenting contextvars
INFO: Instrumenting numpy.dtypes
INFO: Instrumenting numpy._core.overrides
INFO: Instrumenting numpy._utils._inspect
INFO: Instrumenting numpy._core.umath
INFO: Instrumenting numpy._core.numerictypes
INFO: Instrumenting numbers
INFO: Instrumenting numpy._core._string_helpers
INFO: Instrumenting numpy._core._type_aliases
INFO: Instrumenting numpy._core.einsumfunc
INFO: Instrumenting numpy._core.numeric
INFO: Instrumenting numpy._core.shape_base
INFO: Instrumenting numpy._core.fromnumeric
INFO: Instrumenting numpy._core._methods
INFO: Instrumenting pickle
INFO: Instrumenting _compat_pickle
INFO: Instrumenting numpy._core._ufunc_config
INFO: Instrumenting numpy._core._asarray
INFO: Instrumenting numpy._core.arrayprint
INFO: Instrumenting numpy._core.function_base
INFO: Instrumenting numpy._core.getlimits
INFO: Instrumenting numpy._core.memmap
INFO: Instrumenting numpy._core.records
INFO: Instrumenting numpy._core._add_newdocs
INFO: Instrumenting numpy._core._add_newdocs_scalars
INFO: Instrumenting numpy._core._dtype
INFO: Instrumenting numpy._core._dtype_ctypes
INFO: Instrumenting numpy._core._internal
INFO: Instrumenting ctypes
INFO: Instrumenting sysconfig
INFO: Instrumenting ctypes._endian
INFO: Instrumenting numpy._pytesttester
INFO: Instrumenting numpy.lib
INFO: Instrumenting numpy.lib._arraypad_impl
INFO: Instrumenting numpy.lib._index_tricks_impl
INFO: Instrumenting numpy.matrixlib
INFO: Instrumenting numpy.matrixlib.defmatrix
INFO: Instrumenting numpy.linalg
INFO: Instrumenting numpy.linalg._linalg
INFO: Instrumenting numpy._typing
INFO: Instrumenting numpy._typing._array_like
INFO: Instrumenting numpy._typing._nbit_base
INFO: Instrumenting numpy._typing._nested_sequence
INFO: Instrumenting numpy._typing._shape
INFO: Instrumenting numpy._typing._char_codes
INFO: Instrumenting numpy._typing._dtype_like
INFO: Instrumenting numpy._typing._nbit
INFO: Instrumenting numpy._typing._scalars
INFO: Instrumenting numpy._typing._ufunc
INFO: Instrumenting numpy.lib._twodim_base_impl
INFO: Instrumenting numpy.lib._stride_tricks_impl
INFO: Instrumenting numpy.lib._array_utils_impl
INFO: Instrumenting numpy.lib.array_utils
INFO: Instrumenting numpy.lib._function_base_impl
INFO: Instrumenting numpy.lib._histograms_impl
INFO: Instrumenting numpy.lib._arraysetops_impl
INFO: Instrumenting numpy.lib._arrayterator_impl
INFO: Instrumenting numpy.lib._nanfunctions_impl
INFO: Instrumenting numpy.lib._npyio_impl
INFO: Instrumenting numpy.lib.format
INFO: Instrumenting numpy.lib._format_impl
INFO: Instrumenting numpy.lib._utils_impl
INFO: Instrumenting platform
INFO: Instrumenting numpy.lib._datasource
INFO: Instrumenting numpy.lib._iotools
INFO: Instrumenting numpy.lib._polynomial_impl
INFO: Instrumenting numpy.lib._type_check_impl
INFO: Instrumenting numpy.lib._ufunclike_impl
INFO: Instrumenting numpy.lib._shape_base_impl
INFO: Instrumenting numpy.lib._version
INFO: Instrumenting numpy.lib.introspect
INFO: Instrumenting numpy.lib.mixins
INFO: Instrumenting numpy.lib.npyio
INFO: Instrumenting numpy.lib.scimath
INFO: Instrumenting numpy.lib._scimath_impl
INFO: Instrumenting numpy.lib.stride_tricks
INFO: Instrumenting numpy._array_api_info
INFO: Instrumenting numpy.typing
INFO: Instrumenting numpy._typing._add_docstring
INFO: Instrumenting gguf.quants
INFO: Instrumenting gguf.constants
INFO: Instrumenting gguf.lazy
INFO: Using built-in libfuzzer
WARNING: Failed to find function "__sanitizer_acquire_crash_state".
WARNING: Failed to find function "__sanitizer_print_stack_trace".
WARNING: Failed to find function "__sanitizer_set_death_callback".
INFO: Running with entropic power schedule (0xFF, 100).
INFO: Seed: 1244187310
INFO: Starting MinimizeCrashInputInternalStep: 102
INFO: -max_len is not provided; libFuzzer will not generate inputs larger than 102 bytes

 === Timeout: 6s elapsed, timeout=5s ===
Current thread 0x00007f45c21d1200 (most recent call first):
  File "/home/kali/director/projects/gguf-fuzzing/vendor/gguf/gguf_reader.py", line 242 in _get_field_parts
  File "/home/kali/director/projects/gguf-fuzzing/vendor/gguf/gguf_reader.py", line 263 in _get_field_parts
  File "/home/kali/director/projects/gguf-fuzzing/vendor/gguf/gguf_reader.py", line 315 in _build_fields
  File "/home/kali/director/projects/gguf-fuzzing/vendor/gguf/gguf_reader.py", line 178 in __init__
  File "/home/kali/director/projects/gguf-fuzzing/src/fuzz_gguf.py", line 174 in TestOneInput
  File "/home/kali/director/projects/gguf-fuzzing/src/fuzz_gguf.py", line 185 in main
  File "/home/kali/director/projects/gguf-fuzzing/src/fuzz_gguf.py", line 189 in <module>
ALARM: working on the last Unit for 5 seconds
       and the timeout value is 5 (use -timeout=N to change)
MS: 1 EraseBytes-; base unit: 0000000000000000000000000000000000000000
0x47,0x47,0x55,0x46,0x3,0x0,0x0,0x0,0x20,0x0,0x0,0x0,0x0,0x0,0x0,0x0,0x4,0x0,0x0,0x0,0x0,0x0,0x0,0x0,0x11,0x0,0x0,0x0,0x0,0x0,0x0,0x0,0x67,0x65,0x6e,0x65,0x72,0x61,0x6c,0x2e,0x66,0x69,0x6c,0x65,0x5f,0x74,0x79,0x70,0x65,0x4,0x0,0x0,0x0,0x6f,0x64,0x65,0x76,0x12,0x0,0x0,0x0,0x0,0x0,0x0,0x0,0x67,0x65,0x6e,0x65,0x72,0x61,0x6c,0x2e,0x73,0x6f,0x6d,0x0,0x0,0x0,0x0,0x1,0x2,0x3,0x9,0x0,0x0,0x0,0x0,0x0,0x0,0x0,0x3,0x0,0xcd,0x0,0x0,0x0,0x0,0x0,0x2,0x3,
GGUF\003\000\000\000 \000\000\000\000\000\000\000\004\000\000\000\000\000\000\000\021\000\000\000\000\000\000\000general.file_type\004\000\000\000odev\022\000\000\000\000\000\000\000general.som\000\000\000\000\001\002\003\011\000\000\000\000\000\000\000\003\000\315\000\000\000\000\000\002\003
artifact_prefix='./'; Test unit written to artifacts/minimized/cpu_dos_minimized.gguf
Base64: R0dVRgMAAAAgAAAAAAAAAAQAAAAAAAAAEQAAAAAAAABnZW5lcmFsLmZpbGVfdHlwZQQAAABvZGV2EgAAAAAAAABnZW5lcmFsLnNvbQAAAAABAgMJAAAAAAAAAAMAzQAAAAAAAgM=
==2281803== ERROR: libFuzzer: timeout after 5 seconds
SUMMARY: libFuzzer: timeout
*********************************
CRASH_MIN: minimizing crash input: 'artifacts/minimized/cpu_dos_minimized.gguf' (101 bytes)
CRASH_MIN: executing: src/fuzz_gguf.py -runs=1000 -timeout=5 artifacts/minimized/cpu_dos_minimized.gguf 2>&1
CRASH_MIN: 'artifacts/minimized/cpu_dos_minimized.gguf' (101 bytes) caused a crash. Will try to minimize it further
CRASH_MIN: executing: src/fuzz_gguf.py -runs=1000 -timeout=5 artifacts/minimized/cpu_dos_minimized.gguf -minimize_crash_internal_step=1 -exact_artifact_path=artifacts/minimized/cpu_dos_minimized.gguf 2>&1
==2280576== libFuzzer: run interrupted; exiting
